../Core/Src/Encoder.c:106:6:Encoder_Init	16	static
../Core/Src/Encoder.c:158:6:Encoder_Read	8	static
../Core/Src/Encoder.c:244:6:Encoder_Write	0	static
../Core/Src/Encoder.c:275:6:Encoder_Load	0	static
../Core/Src/Encoder.c:329:6:Encoder_Save	0	static
../Core/Src/Encoder.c:417:10:Encoder_MeasureLength	24	static
../Core/Src/Encoder.c:543:6:Encoder_ResetWireLength	0	static
../Core/Src/Encoder.c:248:6:Encoder_Reset	0	static
../Core/Src/Encoder.c:566:6:Encoder_SetWireLength	16	static
../Core/Src/Encoder.c:609:7:Encoder_GetCurrentRadius	0	static
../Core/Src/Encoder.c:621:9:Encoder_GetTotalTicks	0	static
../Core/Src/Encoder.c:633:10:Encoder_GetNoiseRejectCount	0	static
../Core/Src/Encoder.c:644:10:Encoder_GetOverflowCount	0	static
../Core/Src/Encoder.c:653:6:Encoder_ResetDiagnostics	0	static
../Core/Src/Encoder.c:658:6:Encoder_Check_Calib_Origin	8	static
../Core/Src/Encoder.c:354:6:Encoder_Process	8	static
../Core/Src/Encoder.c:670:6:Encoder_Process_Calib	0	static
