../Core/Src/Encoder.c:127:6:Encoder_Init	16	static
../Core/Src/Encoder.c:188:6:Encoder_Read	8	static
../Core/Src/Encoder.c:261:6:Encoder_Write	0	static
../Core/Src/Encoder.c:295:6:Encoder_Load	0	static
../Core/Src/Encoder.c:349:6:Encoder_Save	0	static
../Core/Src/Encoder.c:437:10:Encoder_MeasureLength	24	static
../Core/Src/Encoder.c:563:6:Encoder_ResetWireLength	0	static
../Core/Src/Encoder.c:265:6:Encoder_Reset	0	static
../Core/Src/Encoder.c:585:6:Encoder_SetWireLength	16	static
../Core/Src/Encoder.c:627:7:Encoder_GetCurrentRadius	0	static
../Core/Src/Encoder.c:639:9:Encoder_GetTotalTicks	0	static
../Core/Src/Encoder.c:651:10:Encoder_GetNoiseRejectCount	0	static
../Core/Src/Encoder.c:662:10:Encoder_GetOverflowCount	0	static
../Core/Src/Encoder.c:673:10:Encoder_GetDMAHalfComplete	0	static
../Core/Src/Encoder.c:684:10:Encoder_GetDMAFullComplete	0	static
../Core/Src/Encoder.c:695:10:Encoder_GetPulseCount	0	static
../Core/Src/Encoder.c:704:6:Encoder_ResetDiagnostics	0	static
../Core/Src/Encoder.c:711:6:Encoder_Check_Calib_Origin	8	static
../Core/Src/Encoder.c:374:6:Encoder_Process	8	static
../Core/Src/Encoder.c:723:6:Encoder_Process_Calib	0	static
../Core/Src/Encoder.c:742:6:HAL_TIM_IC_CaptureHalfCpltCallback	0	static
../Core/Src/Encoder.c:755:6:HAL_TIM_IC_CaptureCallback	0	static
