../Core/Src/Encoder.c:129:6:Encoder_Init	16	static
../Core/Src/Encoder.c:169:6:Encoder_Read	8	static
../Core/Src/Encoder.c:243:6:Encoder_Write	0	static
../Core/Src/Encoder.c:277:6:Encoder_Load	0	static
../Core/Src/Encoder.c:337:6:Encoder_Save	0	static
../Core/Src/Encoder.c:420:10:Encoder_MeasureLength	48	static
../Core/Src/Encoder.c:546:6:Encoder_ResetWireLength	0	static
../Core/Src/Encoder.c:247:6:Encoder_Reset	0	static
../Core/Src/Encoder.c:568:6:Encoder_SetWireLength	16	static
../Core/Src/Encoder.c:610:7:Encoder_GetCurrentRadius	0	static
../Core/Src/Encoder.c:622:9:Encoder_GetTotalTicks	0	static
../Core/Src/Encoder.c:634:10:Encoder_GetNoiseRejectCount	0	static
../Core/Src/Encoder.c:645:10:Encoder_GetOverflowCount	0	static
../Core/Src/Encoder.c:656:10:Encoder_GetDMAHalfComplete	0	static
../Core/Src/Encoder.c:667:10:Encoder_GetDMAFullComplete	0	static
../Core/Src/Encoder.c:678:10:Encoder_GetPulseCount	0	static
../Core/Src/Encoder.c:687:6:Encoder_ResetDiagnostics	0	static
../Core/Src/Encoder.c:694:6:Encoder_Check_Calib_Origin	8	static
../Core/Src/Encoder.c:356:6:Encoder_Process	8	static
../Core/Src/Encoder.c:706:6:Encoder_Process_Calib	0	static
../Core/Src/Encoder.c:725:6:HAL_TIM_IC_CaptureHalfCpltCallback	0	static
../Core/Src/Encoder.c:738:6:HAL_TIM_IC_CaptureCallback	0	static
