../Core/Src/MotorControl.c:163:6:Motor1_Set_Direction.part.0	16	static
../Core/Src/MotorControl.c:185:6:Motor2_Set_Direction.part.0	8	static
../Core/Src/MotorControl.c:17:10:mapRegisterAddress	0	static
../Core/Src/MotorControl.c:42:6:MotorRegisters_Load	0	static
../Core/Src/MotorControl.c:61:6:SystemRegisters_Load	0	static
../Core/Src/MotorControl.c:75:6:MotorRegisters_Save	8	static
../Core/Src/MotorControl.c:93:6:SystemRegisters_Save	0	static
../Core/Src/MotorControl.c:150:6:Motor_Set_Mode	0	static
../Core/Src/MotorControl.c:153:6:Motor_Set_Enable	0	static
../Core/Src/MotorControl.c:156:6:Motor_Set_Disable	0	static
../Core/Src/MotorControl.c:163:6:Motor1_Set_Direction	0	static
../Core/Src/MotorControl.c:185:6:Motor2_Set_Direction	16	static
../Core/Src/MotorControl.c:208:6:Motor_Set_Speed	0	static
../Core/Src/MotorControl.c:216:6:Motor_Set_PID_Kp	0	static
../Core/Src/MotorControl.c:219:6:Motor_Set_PID_Ki	0	static
../Core/Src/MotorControl.c:222:6:Motor_Set_PID_Kd	0	static
../Core/Src/MotorControl.c:268:9:getActualSpeed	0	static
../Core/Src/MotorControl.c:573:6:Motor1_OutputPWM	16	static
../Core/Src/MotorControl.c:590:6:Motor2_OutputPWM	16	static
../Core/Src/MotorControl.c:229:9:Motor_HandleOnOff	16	static
../Core/Src/MotorControl.c:454:9:Motor_HandleCalib	24	static
../Core/Src/MotorControl.c:615:6:PID_Init	24	static
../Core/Src/MotorControl.c:637:7:PID_Compute	48	static
../Core/Src/MotorControl.c:295:9:Motor_HandlePID	16	static
../Core/Src/MotorControl.c:348:9:Motor_HandlePosition	24	static
../Core/Src/MotorControl.c:107:6:Motor_ProcessControl	16	static
../Core/Src/MotorControl.c:706:6:Motor_UpdatePosition	0	static
../Core/Src/MotorControl.c:711:6:Motor_ResetError	0	static
../Core/Src/MotorControl.c:716:6:Motor_CheckError	0	static
../Core/Src/MotorControl.c:720:6:Motor_DebugPrint	0	static
../Core/Src/MotorControl.c:723:6:System_DebugPrint	0	static
../Core/Src/MotorControl.c:728:6:PID_DebugPrint	16	static
../Core/Src/MotorControl.c:749:6:System_ResetSystem	16	static
