../Core/Src/MotorControl.c:16:10:mapRegisterAddress	0	static
../Core/Src/MotorControl.c:41:6:MotorRegisters_Load	0	static
../Core/Src/MotorControl.c:58:6:SystemRegisters_Load	0	static
../Core/Src/MotorControl.c:69:6:MotorRegisters_Save	8	static
../Core/Src/MotorControl.c:85:6:SystemRegisters_Save	8	static
../Core/Src/MotorControl.c:119:6:Motor_Set_Mode	0	static
../Core/Src/MotorControl.c:122:6:Motor_Set_Enable	0	static
../Core/Src/MotorControl.c:125:6:Motor_Set_Disable	0	static
../Core/Src/MotorControl.c:131:6:Motor1_Set_Direction	8	static
../Core/Src/MotorControl.c:144:6:Motor2_Set_Direction	8	static
../Core/Src/MotorControl.c:158:6:Motor_Set_Speed	0	static
../Core/Src/MotorControl.c:164:6:Motor_Set_PID_Kp	0	static
../Core/Src/MotorControl.c:167:6:Motor_Set_PID_Ki	0	static
../Core/Src/MotorControl.c:170:6:Motor_Set_PID_Kd	0	static
../Core/Src/MotorControl.c:177:9:Motor_HandleOnOff	0	static
../Core/Src/MotorControl.c:204:9:getActualSpeed	0	static
../Core/Src/MotorControl.c:300:6:Motor1_OutputPWM	0	static
../Core/Src/MotorControl.c:308:6:Motor2_OutputPWM	0	static
../Core/Src/MotorControl.c:323:6:PID_Init	24	static
../Core/Src/MotorControl.c:345:7:PID_Compute	48	static
../Core/Src/MotorControl.c:231:9:Motor_HandlePID	16	static
../Core/Src/MotorControl.c:96:6:Motor_ProcessControl	0	static
../Core/Src/MotorControl.c:415:6:Motor_ResetError	0	static
../Core/Src/MotorControl.c:420:6:Motor_CheckError	0	static
../Core/Src/MotorControl.c:433:6:Motor_DebugPrint	0	static
../Core/Src/MotorControl.c:436:6:System_DebugPrint	0	static
../Core/Src/MotorControl.c:441:6:PID_DebugPrint	16	static
