../Core/Src/MotorControl.c:171:6:Motor1_Set_Direction.part.0	16	static
../Core/Src/MotorControl.c:193:6:Motor2_Set_Direction.part.0	8	static
../Core/Src/MotorControl.c:17:10:mapRegisterAddress	0	static
../Core/Src/MotorControl.c:42:6:MotorRegisters_Load	0	static
../Core/Src/MotorControl.c:61:6:SystemRegisters_Load	0	static
../Core/Src/MotorControl.c:75:6:MotorRegisters_Save	8	static
../Core/Src/MotorControl.c:93:6:SystemRegisters_Save	0	static
../Core/Src/MotorControl.c:158:6:Motor_Set_Mode	0	static
../Core/Src/MotorControl.c:161:6:Motor_Set_Enable	0	static
../Core/Src/MotorControl.c:164:6:Motor_Set_Disable	0	static
../Core/Src/MotorControl.c:171:6:Motor1_Set_Direction	0	static
../Core/Src/MotorControl.c:193:6:Motor2_Set_Direction	16	static
../Core/Src/MotorControl.c:216:6:Motor_Set_Speed	0	static
../Core/Src/MotorControl.c:224:6:Motor_Set_PID_Kp	0	static
../Core/Src/MotorControl.c:227:6:Motor_Set_PID_Ki	0	static
../Core/Src/MotorControl.c:230:6:Motor_Set_PID_Kd	0	static
../Core/Src/MotorControl.c:276:9:getActualSpeed	0	static
../Core/Src/MotorControl.c:585:6:Motor1_OutputPWM	16	static
../Core/Src/MotorControl.c:602:6:Motor2_OutputPWM	16	static
../Core/Src/MotorControl.c:237:9:Motor_HandleOnOff	16	static
../Core/Src/MotorControl.c:466:9:Motor_HandleCalib	24	static
../Core/Src/MotorControl.c:627:6:PID_Init	24	static
../Core/Src/MotorControl.c:649:7:PID_Compute	48	static
../Core/Src/MotorControl.c:303:9:Motor_HandlePID	16	static
../Core/Src/MotorControl.c:718:7:PID_Compute_Position	56	static
../Core/Src/MotorControl.c:359:9:Motor_HandlePosition	24	static
../Core/Src/MotorControl.c:107:6:Motor_ProcessControl	16	static
../Core/Src/MotorControl.c:825:6:Motor_UpdatePosition	0	static
../Core/Src/MotorControl.c:830:6:Motor_ResetError	0	static
../Core/Src/MotorControl.c:835:6:Motor_CheckError	0	static
../Core/Src/MotorControl.c:839:6:Motor_DebugPrint	0	static
../Core/Src/MotorControl.c:842:6:System_DebugPrint	0	static
../Core/Src/MotorControl.c:847:6:PID_DebugPrint	16	static
../Core/Src/MotorControl.c:868:6:System_ResetSystem	16	static
