../Core/Src/stm32f1xx_it.c:74:6:NMI_Handler	0	static
../Core/Src/stm32f1xx_it.c:89:6:HardFault_Handler	0	static
../Core/Src/stm32f1xx_it.c:104:6:MemManage_Handler	0	static
../Core/Src/stm32f1xx_it.c:119:6:BusFault_Handler	0	static
../Core/Src/stm32f1xx_it.c:134:6:UsageFault_Handler	0	static
../Core/Src/stm32f1xx_it.c:149:6:DebugMon_Handler	0	static
../Core/Src/stm32f1xx_it.c:162:6:SysTick_Handler	8	static
../Core/Src/stm32f1xx_it.c:191:6:RCC_IRQHandler	0	static
../Core/Src/stm32f1xx_it.c:204:6:TIM1_BRK_IRQHandler	0	static
../Core/Src/stm32f1xx_it.c:218:6:TIM1_UP_IRQHandler	0	static
../Core/Src/stm32f1xx_it.c:232:6:TIM1_CC_IRQHandler	0	static
../Core/Src/stm32f1xx_it.c:246:6:TIM3_IRQHandler	0	static
../Core/Src/stm32f1xx_it.c:260:6:I2C1_EV_IRQHandler	0	static
../Core/Src/stm32f1xx_it.c:274:6:I2C1_ER_IRQHandler	0	static
../Core/Src/stm32f1xx_it.c:288:6:USART2_IRQHandler	0	static
