../Core/Src/UartModbus.c:46:6:initializeModbusRegisters	16	static
../Core/Src/UartModbus.c:139:10:calcCRC	16	static
../Core/Src/UartModbus.c:155:6:HAL_UART_RxCpltCallback	8	static
../Core/Src/UartModbus.c:204:6:HAL_UART_ErrorCallback	8	static
../Core/Src/UartModbus.c:213:6:resetUARTCommunication	8	static
../Core/Src/UartModbus.c:220:6:processModbusFrame	280	static
../Core/Src/UartModbus.c:337:6:updateBaudrate	16	static
../Core/Src/UartModbus.c:381:6:checkUARTHealth	16	static
../Core/Src/UartModbus.c:396:6:startModbusUARTReception	8	static
