../Core/Src/main.c:106:5:main	8	static
../Core/Src/main.c:195:6:SystemClock_Config	72	static
../Core/Src/main.c:235:13:MX_I2C1_Init	8	static
../Core/Src/main.c:269:13:MX_TIM2_Init	32	static
../Core/Src/main.c:314:13:MX_USART2_UART_Init	8	static
../Core/Src/main.c:347:13:MX_GPIO_Init	40	static
../Core/Src/main.c:386:6:HAL_UART_RxCpltCallback	16	static
../Core/Src/main.c:400:6:uartSendString	24	static
../Core/Src/main.c:413:6:uartSendData	16	static
../Core/Src/main.c:418:6:processUartCommand	24	static
../Core/Src/main.c:530:6:StartDefaultTask	64	static
../Core/Src/main.c:582:6:StartModbusTask	16	static
../Core/Src/main.c:597:6:StartMotorTask	16	static
../Core/Src/main.c:612:6:Error_Handler	4	static,ignoring_inline_asm
