Archive member included to satisfy reference by file (symbol)

D:/STM32CubeIDE_1.19.0/STM32CubeIDE/plugins/com.st.stm32cube.ide.mcu.externaltools.gnu-tools-for-stm32.13.3.rel1.win32_1.0.0.202411081344/tools/bin/../lib/gcc/arm-none-eabi/13.3.1/../../../../arm-none-eabi/lib/thumb/v7-m/nofp\libc_nano.a(libc_a-exit.o)
                              D:/STM32CubeIDE_1.19.0/STM32CubeIDE/plugins/com.st.stm32cube.ide.mcu.externaltools.gnu-tools-for-stm32.13.3.rel1.win32_1.0.0.202411081344/tools/bin/../lib/gcc/arm-none-eabi/13.3.1/../../../../arm-none-eabi/lib/thumb/v7-m/nofp/crt0.o (exit)
D:/STM32CubeIDE_1.19.0/STM32CubeIDE/plugins/com.st.stm32cube.ide.mcu.externaltools.gnu-tools-for-stm32.13.3.rel1.win32_1.0.0.202411081344/tools/bin/../lib/gcc/arm-none-eabi/13.3.1/../../../../arm-none-eabi/lib/thumb/v7-m/nofp\libc_nano.a(libc_a-findfp.o)
                              D:/STM32CubeIDE_1.19.0/STM32CubeIDE/plugins/com.st.stm32cube.ide.mcu.externaltools.gnu-tools-for-stm32.13.3.rel1.win32_1.0.0.202411081344/tools/bin/../lib/gcc/arm-none-eabi/13.3.1/../../../../arm-none-eabi/lib/thumb/v7-m/nofp\libc_nano.a(libc_a-exit.o) (__stdio_exit_handler)
D:/STM32CubeIDE_1.19.0/STM32CubeIDE/plugins/com.st.stm32cube.ide.mcu.externaltools.gnu-tools-for-stm32.13.3.rel1.win32_1.0.0.202411081344/tools/bin/../lib/gcc/arm-none-eabi/13.3.1/../../../../arm-none-eabi/lib/thumb/v7-m/nofp\libc_nano.a(libc_a-fwalk.o)
                              D:/STM32CubeIDE_1.19.0/STM32CubeIDE/plugins/com.st.stm32cube.ide.mcu.externaltools.gnu-tools-for-stm32.13.3.rel1.win32_1.0.0.202411081344/tools/bin/../lib/gcc/arm-none-eabi/13.3.1/../../../../arm-none-eabi/lib/thumb/v7-m/nofp\libc_nano.a(libc_a-findfp.o) (_fwalk_sglue)
D:/STM32CubeIDE_1.19.0/STM32CubeIDE/plugins/com.st.stm32cube.ide.mcu.externaltools.gnu-tools-for-stm32.13.3.rel1.win32_1.0.0.202411081344/tools/bin/../lib/gcc/arm-none-eabi/13.3.1/../../../../arm-none-eabi/lib/thumb/v7-m/nofp\libc_nano.a(libc_a-stdio.o)
                              D:/STM32CubeIDE_1.19.0/STM32CubeIDE/plugins/com.st.stm32cube.ide.mcu.externaltools.gnu-tools-for-stm32.13.3.rel1.win32_1.0.0.202411081344/tools/bin/../lib/gcc/arm-none-eabi/13.3.1/../../../../arm-none-eabi/lib/thumb/v7-m/nofp\libc_nano.a(libc_a-findfp.o) (__sread)
D:/STM32CubeIDE_1.19.0/STM32CubeIDE/plugins/com.st.stm32cube.ide.mcu.externaltools.gnu-tools-for-stm32.13.3.rel1.win32_1.0.0.202411081344/tools/bin/../lib/gcc/arm-none-eabi/13.3.1/../../../../arm-none-eabi/lib/thumb/v7-m/nofp\libc_nano.a(libc_a-memset.o)
                              D:/STM32CubeIDE_1.19.0/STM32CubeIDE/plugins/com.st.stm32cube.ide.mcu.externaltools.gnu-tools-for-stm32.13.3.rel1.win32_1.0.0.202411081344/tools/bin/../lib/gcc/arm-none-eabi/13.3.1/../../../../arm-none-eabi/lib/thumb/v7-m/nofp/crt0.o (memset)
D:/STM32CubeIDE_1.19.0/STM32CubeIDE/plugins/com.st.stm32cube.ide.mcu.externaltools.gnu-tools-for-stm32.13.3.rel1.win32_1.0.0.202411081344/tools/bin/../lib/gcc/arm-none-eabi/13.3.1/../../../../arm-none-eabi/lib/thumb/v7-m/nofp\libc_nano.a(libc_a-closer.o)
                              D:/STM32CubeIDE_1.19.0/STM32CubeIDE/plugins/com.st.stm32cube.ide.mcu.externaltools.gnu-tools-for-stm32.13.3.rel1.win32_1.0.0.202411081344/tools/bin/../lib/gcc/arm-none-eabi/13.3.1/../../../../arm-none-eabi/lib/thumb/v7-m/nofp\libc_nano.a(libc_a-stdio.o) (_close_r)
D:/STM32CubeIDE_1.19.0/STM32CubeIDE/plugins/com.st.stm32cube.ide.mcu.externaltools.gnu-tools-for-stm32.13.3.rel1.win32_1.0.0.202411081344/tools/bin/../lib/gcc/arm-none-eabi/13.3.1/../../../../arm-none-eabi/lib/thumb/v7-m/nofp\libc_nano.a(libc_a-reent.o)
                              D:/STM32CubeIDE_1.19.0/STM32CubeIDE/plugins/com.st.stm32cube.ide.mcu.externaltools.gnu-tools-for-stm32.13.3.rel1.win32_1.0.0.202411081344/tools/bin/../lib/gcc/arm-none-eabi/13.3.1/../../../../arm-none-eabi/lib/thumb/v7-m/nofp\libc_nano.a(libc_a-closer.o) (errno)
D:/STM32CubeIDE_1.19.0/STM32CubeIDE/plugins/com.st.stm32cube.ide.mcu.externaltools.gnu-tools-for-stm32.13.3.rel1.win32_1.0.0.202411081344/tools/bin/../lib/gcc/arm-none-eabi/13.3.1/../../../../arm-none-eabi/lib/thumb/v7-m/nofp\libc_nano.a(libc_a-impure.o)
                              D:/STM32CubeIDE_1.19.0/STM32CubeIDE/plugins/com.st.stm32cube.ide.mcu.externaltools.gnu-tools-for-stm32.13.3.rel1.win32_1.0.0.202411081344/tools/bin/../lib/gcc/arm-none-eabi/13.3.1/../../../../arm-none-eabi/lib/thumb/v7-m/nofp\libc_nano.a(libc_a-reent.o) (_impure_ptr)
D:/STM32CubeIDE_1.19.0/STM32CubeIDE/plugins/com.st.stm32cube.ide.mcu.externaltools.gnu-tools-for-stm32.13.3.rel1.win32_1.0.0.202411081344/tools/bin/../lib/gcc/arm-none-eabi/13.3.1/../../../../arm-none-eabi/lib/thumb/v7-m/nofp\libc_nano.a(libc_a-lseekr.o)
                              D:/STM32CubeIDE_1.19.0/STM32CubeIDE/plugins/com.st.stm32cube.ide.mcu.externaltools.gnu-tools-for-stm32.13.3.rel1.win32_1.0.0.202411081344/tools/bin/../lib/gcc/arm-none-eabi/13.3.1/../../../../arm-none-eabi/lib/thumb/v7-m/nofp\libc_nano.a(libc_a-stdio.o) (_lseek_r)
[...]
Memory Configuration

Name             Origin             Length             Attributes
RAM              0x20000000         0x00005000         xrw
FLASH            0x08000000         0x00010000         xr
*default*        0x00000000         0xffffffff

Linker script and memory map

LOAD D:/STM32CubeIDE_1.19.0/STM32CubeIDE/plugins/com.st.stm32cube.ide.mcu.externaltools.gnu-tools-for-stm32.13.3.rel1.win32_1.0.0.202411081344/tools/bin/../lib/gcc/arm-none-eabi/13.3.1/thumb/v7-m/nofp/crti.o
LOAD D:/STM32CubeIDE_1.19.0/STM32CubeIDE/plugins/com.st.stm32cube.ide.mcu.externaltools.gnu-tools-for-stm32.13.3.rel1.win32_1.0.0.202411081344/tools/bin/../lib/gcc/arm-none-eabi/13.3.1/thumb/v7-m/nofp/crtbegin.o
LOAD D:/STM32CubeIDE_1.19.0/STM32CubeIDE/plugins/com.st.stm32cube.ide.mcu.externaltools.gnu-tools-for-stm32.13.3.rel1.win32_1.0.0.202411081344/tools/bin/../lib/gcc/arm-none-eabi/13.3.1/../../../../arm-none-eabi/lib/thumb/v7-m/nofp/crt0.o
LOAD ./Core/Src/DInput.o
LOAD ./Core/Src/DOutput.o
LOAD ./Core/Src/Encoder.o
LOAD ./Core/Src/MotorControl.o
LOAD ./Core/Src/UartModbus.o
LOAD ./Core/Src/Visible.o
LOAD ./Core/Src/freertos.o
LOAD ./Core/Src/main.o
LOAD ./Core/Src/stm32f1xx_hal_msp.o
LOAD ./Core/Src/stm32f1xx_it.o
LOAD ./Core/Src/syscalls.o
LOAD ./Core/Src/sysmem.o
LOAD ./Core/Src/system_stm32f1xx.o
LOAD ./Core/Startup/startup_stm32f103c8tx.o
LOAD ./Drivers/STM32F1xx_HAL_Driver/Src/stm32f1xx_hal.o
LOAD ./Drivers/STM32F1xx_HAL_Driver/Src/stm32f1xx_hal_cortex.o
LOAD ./Drivers/STM32F1xx_HAL_Driver/Src/stm32f1xx_hal_dma.o
LOAD ./Drivers/STM32F1xx_HAL_Driver/Src/stm32f1xx_hal_exti.o
LOAD ./Drivers/STM32F1xx_HAL_Driver/Src/stm32f1xx_hal_flash.o
LOAD ./Drivers/STM32F1xx_HAL_Driver/Src/stm32f1xx_hal_flash_ex.o
LOAD ./Drivers/STM32F1xx_HAL_Driver/Src/stm32f1xx_hal_gpio.o
LOAD ./Drivers/STM32F1xx_HAL_Driver/Src/stm32f1xx_hal_gpio_ex.o
LOAD ./Drivers/STM32F1xx_HAL_Driver/Src/stm32f1xx_hal_i2c.o
LOAD ./Drivers/STM32F1xx_HAL_Driver/Src/stm32f1xx_hal_pwr.o
LOAD ./Drivers/STM32F1xx_HAL_Driver/Src/stm32f1xx_hal_rcc.o
LOAD ./Drivers/STM32F1xx_HAL_Driver/Src/stm32f1xx_hal_rcc_ex.o
LOAD ./Drivers/STM32F1xx_HAL_Driver/Src/stm32f1xx_hal_tim.o
LOAD ./Drivers/STM32F1xx_HAL_Driver/Src/stm32f1xx_hal_tim_ex.o
LOAD ./Drivers/STM32F1xx_HAL_Driver/Src/stm32f1xx_hal_uart.o
LOAD ./Middlewares/Third_Party/FreeRTOS/Source/CMSIS_RTOS_V2/cmsis_os2.o
LOAD ./Middlewares/Third_Party/FreeRTOS/Source/croutine.o
LOAD ./Middlewares/Third_Party/FreeRTOS/Source/event_groups.o
LOAD ./Middlewares/Third_Party/FreeRTOS/Source/list.o
LOAD ./Middlewares/Third_Party/FreeRTOS/Source/queue.o
LOAD ./Middlewares/Third_Party/FreeRTOS/Source/stream_buffer.o
LOAD ./Middlewares/Third_Party/FreeRTOS/Source/tasks.o
LOAD ./Middlewares/Third_Party/FreeRTOS/Source/timers.o
LOAD ./Middlewares/Third_Party/FreeRTOS/Source/portable/GCC/ARM_CM3/port.o
LOAD ./Middlewares/Third_Party/FreeRTOS/Source/portable/MemMang/heap_4.o
START GROUP
LOAD D:/STM32CubeIDE_1.19.0/STM32CubeIDE/plugins/com.st.stm32cube.ide.mcu.externaltools.gnu-tools-for-stm32.13.3.rel1.win32_1.0.0.202411081344/tools/bin/../lib/gcc/arm-none-eabi/13.3.1/../../../../arm-none-eabi/lib/thumb/v7-m/nofp\libc_nano.a
LOAD D:/STM32CubeIDE_1.19.0/STM32CubeIDE/plugins/com.st.stm32cube.ide.mcu.externaltools.gnu-tools-for-stm32.13.3.rel1.win32_1.0.0.202411081344/tools/bin/../lib/gcc/arm-none-eabi/13.3.1/../../../../arm-none-eabi/lib/thumb/v7-m/nofp\libm.a
END GROUP
START GROUP
LOAD D:/STM32CubeIDE_1.19.0/STM32CubeIDE/plugins/com.st.stm32cube.ide.mcu.externaltools.gnu-tools-for-stm32.13.3.rel1.win32_1.0.0.202411081344/tools/bin/../lib/gcc/arm-none-eabi/13.3.1/thumb/v7-m/nofp\libgcc.a
LOAD D:/STM32CubeIDE_1.19.0/STM32CubeIDE/plugins/com.st.stm32cube.ide.mcu.externaltools.gnu-tools-for-stm32.13.3.rel1.win32_1.0.0.202411081344/tools/bin/../lib/gcc/arm-none-eabi/13.3.1/../../../../arm-none-eabi/lib/thumb/v7-m/nofp\libc_nano.a
END GROUP
START GROUP
LOAD D:/STM32CubeIDE_1.19.0/STM32CubeIDE/plugins/com.st.stm32cube.ide.mcu.externaltools.gnu-tools-for-stm32.13.3.rel1.win32_1.0.0.202411081344/tools/bin/../lib/gcc/arm-none-eabi/13.3.1/thumb/v7-m/nofp\libgcc.a
LOAD D:/STM32CubeIDE_1.19.0/STM32CubeIDE/plugins/com.st.stm32cube.ide.mcu.externaltools.gnu-tools-for-stm32.13.3.rel1.win32_1.0.0.202411081344/tools/bin/../lib/gcc/arm-none-eabi/13.3.1/../../../../arm-none-eabi/lib/thumb/v7-m/nofp\libc_nano.a
LOAD D:/STM32CubeIDE_1.19.0/STM32CubeIDE/plugins/com.st.stm32cube.ide.mcu.externaltools.gnu-tools-for-stm32.13.3.rel1.win32_1.0.0.202411081344/tools/bin/../lib/gcc/arm-none-eabi/13.3.1/../../../../arm-none-eabi/lib/thumb/v7-m/nofp\libnosys.a
END GROUP
START GROUP
LOAD D:/STM32CubeIDE_1.19.0/STM32CubeIDE/plugins/com.st.stm32cube.ide.mcu.externaltools.gnu-tools-for-stm32.13.3.rel1.win32_1.0.0.202411081344/tools/bin/../lib/gcc/arm-none-eabi/13.3.1/thumb/v7-m/nofp\libgcc.a
LOAD D:/STM32CubeIDE_1.19.0/STM32CubeIDE/plugins/com.st.stm32cube.ide.mcu.externaltools.gnu-tools-for-stm32.13.3.rel1.win32_1.0.0.202411081344/tools/bin/../lib/gcc/arm-none-eabi/13.3.1/../../../../arm-none-eabi/lib/thumb/v7-m/nofp\libc_nano.a
LOAD D:/STM32CubeIDE_1.19.0/STM32CubeIDE/plugins/com.st.stm32cube.ide.mcu.externaltools.gnu-tools-for-stm32.13.3.rel1.win32_1.0.0.202411081344/tools/bin/../lib/gcc/arm-none-eabi/13.3.1/../../../../arm-none-eabi/lib/thumb/v7-m/nofp\libnosys.a
END GROUP
LOAD D:/STM32CubeIDE_1.19.0/STM32CubeIDE/plugins/com.st.stm32cube.ide.mcu.externaltools.gnu-tools-for-stm32.13.3.rel1.win32_1.0.0.202411081344/tools/bin/../lib/gcc/arm-none-eabi/13.3.1/thumb/v7-m/nofp/crtend.o
LOAD D:/STM32CubeIDE_1.19.0/STM32CubeIDE/plugins/com.st.stm32cube.ide.mcu.externaltools.gnu-tools-for-stm32.13.3.rel1.win32_1.0.0.202411081344/tools/bin/../lib/gcc/arm-none-eabi/13.3.1/thumb/v7-m/nofp/crtn.o
                0x20005000                        _estack = (ORIGIN (RAM) + LENGTH (RAM))
                0x00000200                        _Min_Heap_Size = 0x200
                0x00000400                        _Min_Stack_Size = 0x400

.isr_vector     0x08000000      0x10c
                0x08000000                        . = ALIGN (0x4)
 *(.isr_vector)
 .isr_vector    0x08000000      0x10c ./Core/Startup/startup_stm32f103c8tx.o
                0x08000000                g_pfnVectors
                0x0800010c                        . = ALIGN (0x4)

.text           0x08000110     0x7944
                0x08000110                        . = ALIGN (0x4)
 *(.text)
 .text          0x08000110       0x40 D:/STM32CubeIDE_1.19.0/STM32CubeIDE/plugins/com.st.stm32cube.ide.mcu.externaltools.gnu-tools-for-stm32.13.3.rel1.win32_1.0.0.202411081344/tools/bin/../lib/gcc/arm-none-eabi/13.3.1/thumb/v7-m/nofp/crtbegin.o
 .text          0x08000150      0x254 D:/STM32CubeIDE_1.19.0/STM32CubeIDE/plugins/com.st.stm32cube.ide.mcu.externaltools.gnu-tools-for-stm32.13.3.rel1.win32_1.0.0.202411081344/tools/bin/../lib/gcc/arm-none-eabi/13.3.1/thumb/v7-m/nofp\libgcc.a(_arm_muldf3.o)
                0x08000150                __muldf3
                0x08000150                __aeabi_dmul
 .text          0x080003a4      0x378 D:/STM32CubeIDE_1.19.0/STM32CubeIDE/plugins/com.st.stm32cube.ide.mcu.externaltools.gnu-tools-for-stm32.13.3.rel1.win32_1.0.0.202411081344/tools/bin/../lib/gcc/arm-none-eabi/13.3.1/thumb/v7-m/nofp\libgcc.a(_arm_addsubdf3.o)
                0x080003a4                __aeabi_drsub
                0x080003ac                __aeabi_dsub
                0x080003ac                __subdf3
                0x080003b0                __aeabi_dadd
                0x080003b0                __adddf3
                0x08000628                __floatunsidf
                0x08000628                __aeabi_ui2d
                0x08000648                __floatsidf
                0x08000648                __aeabi_i2d
                0x0800066c                __aeabi_f2d
                0x0800066c                __extendsfdf2
                0x080006b0                __floatundidf
                0x080006b0                __aeabi_ul2d
                0x080006c0                __floatdidf
                0x080006c0                __aeabi_l2d
 .text          0x0800071c       0x40 D:/STM32CubeIDE_1.19.0/STM32CubeIDE/plugins/com.st.stm32cube.ide.mcu.externaltools.gnu-tools-for-stm32.13.3.rel1.win32_1.0.0.202411081344/tools/bin/../lib/gcc/arm-none-eabi/13.3.1/thumb/v7-m/nofp\libgcc.a(_arm_fixunsdfsi.o)
                0x0800071c                __aeabi_d2uiz
                0x0800071c                __fixunsdfsi
 .text          0x0800075c       0xa0 D:/STM32CubeIDE_1.19.0/STM32CubeIDE/plugins/com.st.stm32cube.ide.mcu.externaltools.gnu-tools-for-stm32.13.3.rel1.win32_1.0.0.202411081344/tools/bin/../lib/gcc/arm-none-eabi/13.3.1/thumb/v7-m/nofp\libgcc.a(_arm_truncdfsf2.o)
                0x0800075c                __truncdfsf2
                0x0800075c                __aeabi_d2f
 .text          0x080007fc      0x21c D:/STM32CubeIDE_1.19.0/STM32CubeIDE/plugins/com.st.stm32cube.ide.mcu.externaltools.gnu-tools-for-stm32.13.3.rel1.win32_1.0.0.202411081344/tools/bin/../lib/gcc/arm-none-eabi/13.3.1/thumb/v7-m/nofp\libgcc.a(_arm_addsubsf3.o)
                0x080007fc                __aeabi_frsub
                0x08000804                __subsf3
                0x08000804                __aeabi_fsub
                0x08000808                __aeabi_fadd
                0x08000808                __addsf3
                0x08000968                __aeabi_ui2f
                0x08000968                __floatunsisf
                0x08000970                __aeabi_i2f
                0x08000970                __floatsisf
                0x0800098c                __aeabi_ul2f
                0x0800098c                __floatundisf
                0x0800099c                __aeabi_l2f
                0x0800099c                __floatdisf
 .text          0x08000a18      0x2a0 D:/STM32CubeIDE_1.19.0/STM32CubeIDE/plugins/com.st.stm32cube.ide.mcu.externaltools.gnu-tools-for-stm32.13.3.rel1.win32_1.0.0.202411081344/tools/bin/../lib/gcc/arm-none-eabi/13.3.1/thumb/v7-m/nofp\libgcc.a(_arm_muldivsf3.o)
                0x08000a18                __mulsf3
                0x08000a18                __aeabi_fmul
                0x08000b80                __aeabi_fdiv
                0x08000b80                __divsf3
 .text          0x08000cb8       0xec D:/STM32CubeIDE_1.19.0/STM32CubeIDE/plugins/com.st.stm32cube.ide.mcu.externaltools.gnu-tools-for-stm32.13.3.rel1.win32_1.0.0.202411081344/tools/bin/../lib/gcc/arm-none-eabi/13.3.1/thumb/v7-m/nofp\libgcc.a(_arm_cmpsf2.o)
                0x08000cb8                __gesf2
                0x08000cb8                __gtsf2
                0x08000cc0                __lesf2
                0x08000cc0                __ltsf2
                0x08000cc8                __nesf2
                0x08000cc8                __eqsf2
                0x08000cc8                __cmpsf2
                0x08000d28                __aeabi_cfrcmple
                0x08000d30                __aeabi_cfcmpeq
                0x08000d30                __aeabi_cfcmple
                0x08000d40                __aeabi_fcmpeq
                0x08000d54                __aeabi_fcmplt
                0x08000d68                __aeabi_fcmple
                0x08000d7c                __aeabi_fcmpge
                0x08000d90                __aeabi_fcmpgt
 .text          0x08000da4       0x2c D:/STM32CubeIDE_1.19.0/STM32CubeIDE/plugins/com.st.stm32cube.ide.mcu.externaltools.gnu-tools-for-stm32.13.3.rel1.win32_1.0.0.202411081344/tools/bin/../lib/gcc/arm-none-eabi/13.3.1/thumb/v7-m/nofp\libgcc.a(_arm_unordsf2.o)
                0x08000da4                __unordsf2
                0x08000da4                __aeabi_fcmpun
 .text          0x08000dd0       0x40 D:/STM32CubeIDE_1.19.0/STM32CubeIDE/plugins/com.st.stm32cube.ide.mcu.externaltools.gnu-tools-for-stm32.13.3.rel1.win32_1.0.0.202411081344/tools/bin/../lib/gcc/arm-none-eabi/13.3.1/thumb/v7-m/nofp\libgcc.a(_arm_fixunssfsi.o)
                0x08000dd0                __fixunssfsi
                0x08000dd0                __aeabi_f2uiz
 *(.text*)
 .text.DOutput_SetRelay.part.0
                0x08000e10       0x18 ./Core/Src/DOutput.o
 .text.DOutput_Load
                0x08000e28       0x20 ./Core/Src/DOutput.o
                0x08000e28                DOutput_Load
 .text.DOutput_Save
                0x08000e48       0x14 ./Core/Src/DOutput.o
                0x08000e48                DOutput_Save
 .text.DOutput_SetRelay
                0x08000e5c       0x28 ./Core/Src/DOutput.o
                0x08000e5c                DOutput_SetRelay
 .text.DOutput_Process
                0x08000e84       0x2c ./Core/Src/DOutput.o
                0x08000e84                DOutput_Process
 .text.Encoder_Init
                0x08000eb0       0x6c ./Core/Src/Encoder.o
                0x08000eb0                Encoder_Init
 .text.Encoder_Read
                0x08000f1c       0x74 ./Core/Src/Encoder.o
                0x08000f1c                Encoder_Read
 .text.Encoder_Load
                0x08000f90       0x28 ./Core/Src/Encoder.o
                0x08000f90                Encoder_Load
 .text.Encoder_Save
                0x08000fb8       0x40 ./Core/Src/Encoder.o
                0x08000fb8                Encoder_Save
 .text.Encoder_MeasureLength
                0x08000ff8      0x114 ./Core/Src/Encoder.o
                0x08000ff8                Encoder_MeasureLength
 .text.Encoder_ResetWireLength
                0x0800110c       0x24 ./Core/Src/Encoder.o
                0x0800110c                Encoder_ResetWireLength
 .text.Encoder_Reset
                0x08001130       0x20 ./Core/Src/Encoder.o
                0x08001130                Encoder_Reset
 .text.Encoder_Check_Calib_Origin
                0x08001150       0x24 ./Core/Src/Encoder.o
                0x08001150                Encoder_Check_Calib_Origin
 .text.Encoder_Process
                0x08001174       0x1c ./Core/Src/Encoder.o
                0x08001174                Encoder_Process
 .text.HAL_TIM_IC_CaptureHalfCpltCallback
                0x08001190       0x18 ./Core/Src/Encoder.o
                0x08001190                HAL_TIM_IC_CaptureHalfCpltCallback
 .text.HAL_TIM_IC_CaptureCallback
                0x080011a8       0x18 ./Core/Src/Encoder.o
                0x080011a8                HAL_TIM_IC_CaptureCallback
 .text.Motor1_Set_Direction.part.0
                0x080011c0       0x44 ./Core/Src/MotorControl.o
 .text.Motor2_Set_Direction.part.0
                0x08001204       0x4c ./Core/Src/MotorControl.o
 .text.MotorRegisters_Load
                0x08001250       0x94 ./Core/Src/MotorControl.o
                0x08001250                MotorRegisters_Load
 .text.SystemRegisters_Load
                0x080012e4       0x44 ./Core/Src/MotorControl.o
                0x080012e4                SystemRegisters_Load
 .text.MotorRegisters_Save
                0x08001328       0x98 ./Core/Src/MotorControl.o
                0x08001328                MotorRegisters_Save
 .text.SystemRegisters_Save
                0x080013c0       0x44 ./Core/Src/MotorControl.o
                0x080013c0                SystemRegisters_Save
 .text.Motor1_Set_Direction
                0x08001404       0x30 ./Core/Src/MotorControl.o
                0x08001404                Motor1_Set_Direction
 .text.Motor2_Set_Direction
                0x08001434       0x50 ./Core/Src/MotorControl.o
                0x08001434                Motor2_Set_Direction
 .text.Motor1_OutputPWM
                0x08001484       0x24 ./Core/Src/MotorControl.o
                0x08001484                Motor1_OutputPWM
 .text.Motor2_OutputPWM
                0x080014a8       0x4c ./Core/Src/MotorControl.o
                0x080014a8                Motor2_OutputPWM
 .text.Motor_HandleOnOff
                0x080014f4       0x68 ./Core/Src/MotorControl.o
                0x080014f4                Motor_HandleOnOff
 *fill*         0x0800155c        0x4 
 .text.Motor_HandleCalib
                0x08001560      0x1ac ./Core/Src/MotorControl.o
                0x08001560                Motor_HandleCalib
 .text.PID_Init
                0x0800170c       0x68 ./Core/Src/MotorControl.o
                0x0800170c                PID_Init
 .text.PID_Compute
                0x08001774      0x198 ./Core/Src/MotorControl.o
                0x08001774                PID_Compute
 *fill*         0x0800190c        0x4 
 .text.Motor_HandlePID
                0x08001910       0xe8 ./Core/Src/MotorControl.o
                0x08001910                Motor_HandlePID
 .text.PID_Compute_Position
                0x080019f8      0x1bc ./Core/Src/MotorControl.o
                0x080019f8                PID_Compute_Position
 *fill*         0x08001bb4        0x4 
 .text.Motor_HandlePosition
                0x08001bb8      0x130 ./Core/Src/MotorControl.o
                0x08001bb8                Motor_HandlePosition
 .text.Motor_ProcessControl
                0x08001ce8       0x98 ./Core/Src/MotorControl.o
                0x08001ce8                Motor_ProcessControl
 .text.System_ResetSystem
                0x08001d80       0x58 ./Core/Src/MotorControl.o
                0x08001d80                System_ResetSystem
 .text.initializeModbusRegisters
                0x08001dd8       0xfc ./Core/Src/UartModbus.o
                0x08001dd8                initializeModbusRegisters
 .text.calcCRC  0x08001ed4       0x30 ./Core/Src/UartModbus.o
                0x08001ed4                calcCRC
 .text.HAL_UART_RxCpltCallback
                0x08001f04       0x98 ./Core/Src/UartModbus.o
                0x08001f04                HAL_UART_RxCpltCallback
 .text.HAL_UART_ErrorCallback
                0x08001f9c       0x40 ./Core/Src/UartModbus.o
                0x08001f9c                HAL_UART_ErrorCallback
 .text.resetUARTCommunication
                0x08001fdc       0x34 ./Core/Src/UartModbus.o
                0x08001fdc                resetUARTCommunication
 .text.processModbusFrame
                0x08002010      0x214 ./Core/Src/UartModbus.o
                0x08002010                processModbusFrame
 .text.updateBaudrate
                0x08002224       0x94 ./Core/Src/UartModbus.o
                0x08002224                updateBaudrate
 .text.checkUARTHealth
                0x080022b8       0x34 ./Core/Src/UartModbus.o
                0x080022b8                checkUARTHealth
 .text.startModbusUARTReception
                0x080022ec       0x2c ./Core/Src/UartModbus.o
                0x080022ec                startModbusUARTReception
 .text.StartIOTask
                0x08002318       0x48 ./Core/Src/main.o
                0x08002318                StartIOTask
 .text.StartUartTask
                0x08002360       0x8c ./Core/Src/main.o
                0x08002360                StartUartTask
 .text.StartMotorTask
                0x080023ec       0x90 ./Core/Src/main.o
                0x080023ec                StartMotorTask
 .text.StartVisibleTask
                0x0800247c       0x3c ./Core/Src/main.o
                0x0800247c                StartVisibleTask
 .text.StartEncoderTask
                0x080024b8       0x2c ./Core/Src/main.o
                0x080024b8                StartEncoderTask
 .text.SystemClock_Config
                0x080024e4       0x5e ./Core/Src/main.o
                0x080024e4                SystemClock_Config
 *fill*         0x08002542        0x2 
 .text.startup.main
                0x08002544      0x404 ./Core/Src/main.o
                0x08002544                main
 .text.Error_Handler
                0x08002948        0x4 ./Core/Src/main.o
                0x08002948                Error_Handler
 .text.HAL_MspInit
                0x0800294c       0x60 ./Core/Src/stm32f1xx_hal_msp.o
                0x0800294c                HAL_MspInit
 .text.HAL_I2C_MspInit
                0x080029ac       0x84 ./Core/Src/stm32f1xx_hal_msp.o
                0x080029ac                HAL_I2C_MspInit
 .text.HAL_TIM_Base_MspInit
                0x08002a30       0x90 ./Core/Src/stm32f1xx_hal_msp.o
                0x08002a30                HAL_TIM_Base_MspInit
 .text.HAL_TIM_IC_MspInit
                0x08002ac0       0xa0 ./Core/Src/stm32f1xx_hal_msp.o
                0x08002ac0                HAL_TIM_IC_MspInit
 .text.HAL_TIM_MspPostInit
                0x08002b60       0x74 ./Core/Src/stm32f1xx_hal_msp.o
                0x08002b60                HAL_TIM_MspPostInit
 .text.HAL_UART_MspInit
                0x08002bd4       0x84 ./Core/Src/stm32f1xx_hal_msp.o
                0x08002bd4                HAL_UART_MspInit
 .text.HAL_UART_MspDeInit
                0x08002c58       0x34 ./Core/Src/stm32f1xx_hal_msp.o
                0x08002c58                HAL_UART_MspDeInit
 .text.NMI_Handler
                0x08002c8c        0x2 ./Core/Src/stm32f1xx_it.o
                0x08002c8c                NMI_Handler
 .text.HardFault_Handler
                0x08002c8e        0x2 ./Core/Src/stm32f1xx_it.o
                0x08002c8e                HardFault_Handler
 .text.MemManage_Handler
                0x08002c90        0x2 ./Core/Src/stm32f1xx_it.o
                0x08002c90                MemManage_Handler
 .text.BusFault_Handler
                0x08002c92        0x2 ./Core/Src/stm32f1xx_it.o
                0x08002c92                BusFault_Handler
 .text.UsageFault_Handler
                0x08002c94        0x2 ./Core/Src/stm32f1xx_it.o
                0x08002c94                UsageFault_Handler
 .text.DebugMon_Handler
                0x08002c96        0x2 ./Core/Src/stm32f1xx_it.o
                0x08002c96                DebugMon_Handler
 .text.SysTick_Handler
                0x08002c98       0x18 ./Core/Src/stm32f1xx_it.o
                0x08002c98                SysTick_Handler
 .text.RCC_IRQHandler
                0x08002cb0        0x2 ./Core/Src/stm32f1xx_it.o
                0x08002cb0                RCC_IRQHandler
 *fill*         0x08002cb2        0x2 
 .text.DMA1_Channel5_IRQHandler
                0x08002cb4        0xc ./Core/Src/stm32f1xx_it.o
                0x08002cb4                DMA1_Channel5_IRQHandler
 .text.TIM1_BRK_IRQHandler
                0x08002cc0        0xc ./Core/Src/stm32f1xx_it.o
                0x08002cc0                TIM1_BRK_IRQHandler
 .text.TIM1_UP_IRQHandler
                0x08002ccc        0x4 ./Core/Src/stm32f1xx_it.o
                0x08002ccc                TIM1_UP_IRQHandler
 .text.TIM1_CC_IRQHandler
                0x08002cd0        0x4 ./Core/Src/stm32f1xx_it.o
                0x08002cd0                TIM1_CC_IRQHandler
 .text.TIM2_IRQHandler
                0x08002cd4        0xc ./Core/Src/stm32f1xx_it.o
                0x08002cd4                TIM2_IRQHandler
 .text.TIM3_IRQHandler
                0x08002ce0        0xc ./Core/Src/stm32f1xx_it.o
                0x08002ce0                TIM3_IRQHandler
 .text.I2C1_EV_IRQHandler
                0x08002cec        0xc ./Core/Src/stm32f1xx_it.o
                0x08002cec                I2C1_EV_IRQHandler
 .text.I2C1_ER_IRQHandler
                0x08002cf8        0xc ./Core/Src/stm32f1xx_it.o
                0x08002cf8                I2C1_ER_IRQHandler
 .text.USART2_IRQHandler
                0x08002d04        0xc ./Core/Src/stm32f1xx_it.o
                0x08002d04                USART2_IRQHandler
 .text.SystemInit
                0x08002d10        0x2 ./Core/Src/system_stm32f1xx.o
                0x08002d10                SystemInit
 *fill*         0x08002d12        0x2 
 .text.Reset_Handler
                0x08002d14       0x48 ./Core/Startup/startup_stm32f103c8tx.o
                0x08002d14                Reset_Handler
 .text.Default_Handler
                0x08002d5c        0x2 ./Core/Startup/startup_stm32f103c8tx.o
                0x08002d5c                RTC_Alarm_IRQHandler
                0x08002d5c                EXTI2_IRQHandler
                0x08002d5c                PVD_IRQHandler
                0x08002d5c                EXTI3_IRQHandler
                0x08002d5c                EXTI0_IRQHandler
                0x08002d5c                I2C2_EV_IRQHandler
                0x08002d5c                ADC1_2_IRQHandler
                0x08002d5c                SPI1_IRQHandler
                0x08002d5c                TAMPER_IRQHandler
                0x08002d5c                DMA1_Channel4_IRQHandler
                0x08002d5c                USART3_IRQHandler
                0x08002d5c                RTC_IRQHandler
                0x08002d5c                DMA1_Channel7_IRQHandler
                0x08002d5c                CAN1_RX1_IRQHandler
                0x08002d5c                TIM4_IRQHandler
                0x08002d5c                DMA1_Channel6_IRQHandler
                0x08002d5c                TIM1_TRG_COM_IRQHandler
                0x08002d5c                DMA1_Channel1_IRQHandler
                0x08002d5c                Default_Handler
                0x08002d5c                EXTI15_10_IRQHandler
                0x08002d5c                EXTI9_5_IRQHandler
                0x08002d5c                SPI2_IRQHandler
                0x08002d5c                EXTI4_IRQHandler
                0x08002d5c                USB_LP_CAN1_RX0_IRQHandler
                0x08002d5c                USB_HP_CAN1_TX_IRQHandler
                0x08002d5c                DMA1_Channel3_IRQHandler
                0x08002d5c                WWDG_IRQHandler
                0x08002d5c                EXTI1_IRQHandler
                0x08002d5c                I2C2_ER_IRQHandler
                0x08002d5c                DMA1_Channel2_IRQHandler
                0x08002d5c                CAN1_SCE_IRQHandler
                0x08002d5c                FLASH_IRQHandler
                0x08002d5c                USART1_IRQHandler
                0x08002d5c                USBWakeUp_IRQHandler
 *fill*         0x08002d5e        0x2 
 .text.HAL_InitTick
                0x08002d60       0x48 ./Drivers/STM32F1xx_HAL_Driver/Src/stm32f1xx_hal.o
                0x08002d60                HAL_InitTick
 .text.HAL_Init
                0x08002da8       0x24 ./Drivers/STM32F1xx_HAL_Driver/Src/stm32f1xx_hal.o
                0x08002da8                HAL_Init
 .text.HAL_IncTick
                0x08002dcc       0x18 ./Drivers/STM32F1xx_HAL_Driver/Src/stm32f1xx_hal.o
                0x08002dcc                HAL_IncTick
 .text.HAL_GetTick
                0x08002de4        0xc ./Drivers/STM32F1xx_HAL_Driver/Src/stm32f1xx_hal.o
                0x08002de4                HAL_GetTick
 .text.HAL_NVIC_SetPriorityGrouping
                0x08002df0       0x24 ./Drivers/STM32F1xx_HAL_Driver/Src/stm32f1xx_hal_cortex.o
                0x08002df0                HAL_NVIC_SetPriorityGrouping
 .text.HAL_NVIC_SetPriority
                0x08002e14       0x60 ./Drivers/STM32F1xx_HAL_Driver/Src/stm32f1xx_hal_cortex.o
                0x08002e14                HAL_NVIC_SetPriority
 .text.HAL_NVIC_EnableIRQ
                0x08002e74       0x1c ./Drivers/STM32F1xx_HAL_Driver/Src/stm32f1xx_hal_cortex.o
                0x08002e74                HAL_NVIC_EnableIRQ
 .text.HAL_NVIC_DisableIRQ
                0x08002e90       0x24 ./Drivers/STM32F1xx_HAL_Driver/Src/stm32f1xx_hal_cortex.o
                0x08002e90                HAL_NVIC_DisableIRQ
 .text.HAL_SYSTICK_Config
                0x08002eb4       0x28 ./Drivers/STM32F1xx_HAL_Driver/Src/stm32f1xx_hal_cortex.o
                0x08002eb4                HAL_SYSTICK_Config
 .text.HAL_DMA_Init
                0x08002edc       0x60 ./Drivers/STM32F1xx_HAL_Driver/Src/stm32f1xx_hal_dma.o
                0x08002edc                HAL_DMA_Init
 .text.HAL_DMA_Start_IT
                0x08002f3c       0x78 ./Drivers/STM32F1xx_HAL_Driver/Src/stm32f1xx_hal_dma.o
                0x08002f3c                HAL_DMA_Start_IT
 .text.HAL_DMA_Abort
                0x08002fb4       0x3e ./Drivers/STM32F1xx_HAL_Driver/Src/stm32f1xx_hal_dma.o
                0x08002fb4                HAL_DMA_Abort
 *fill*         0x08002ff2        0x2 
 .text.HAL_DMA_Abort_IT
                0x08002ff4       0x8c ./Drivers/STM32F1xx_HAL_Driver/Src/stm32f1xx_hal_dma.o
                0x08002ff4                HAL_DMA_Abort_IT
 .text.HAL_DMA_IRQHandler
                0x08003080      0x128 ./Drivers/STM32F1xx_HAL_Driver/Src/stm32f1xx_hal_dma.o
                0x08003080                HAL_DMA_IRQHandler
 .text.HAL_DMA_GetState
                0x080031a8        0x6 ./Drivers/STM32F1xx_HAL_Driver/Src/stm32f1xx_hal_dma.o
                0x080031a8                HAL_DMA_GetState
 .text.HAL_DMA_GetError
                0x080031ae        0x4 ./Drivers/STM32F1xx_HAL_Driver/Src/stm32f1xx_hal_dma.o
                0x080031ae                HAL_DMA_GetError
 *fill*         0x080031b2        0x2 
 .text.HAL_GPIO_Init
                0x080031b4      0x1a8 ./Drivers/STM32F1xx_HAL_Driver/Src/stm32f1xx_hal_gpio.o
                0x080031b4                HAL_GPIO_Init
 .text.HAL_GPIO_DeInit
                0x0800335c       0xdc ./Drivers/STM32F1xx_HAL_Driver/Src/stm32f1xx_hal_gpio.o
                0x0800335c                HAL_GPIO_DeInit
 .text.HAL_GPIO_ReadPin
                0x08003438        0xc ./Drivers/STM32F1xx_HAL_Driver/Src/stm32f1xx_hal_gpio.o
                0x08003438                HAL_GPIO_ReadPin
 .text.HAL_GPIO_WritePin
                0x08003444        0xa ./Drivers/STM32F1xx_HAL_Driver/Src/stm32f1xx_hal_gpio.o
                0x08003444                HAL_GPIO_WritePin
 .text.HAL_GPIO_TogglePin
                0x0800344e       0x12 ./Drivers/STM32F1xx_HAL_Driver/Src/stm32f1xx_hal_gpio.o
                0x0800344e                HAL_GPIO_TogglePin
 .text.HAL_I2C_Init
                0x08003460      0x150 ./Drivers/STM32F1xx_HAL_Driver/Src/stm32f1xx_hal_i2c.o
                0x08003460                HAL_I2C_Init
 .text.HAL_I2C_MasterTxCpltCallback
                0x080035b0        0x2 ./Drivers/STM32F1xx_HAL_Driver/Src/stm32f1xx_hal_i2c.o
                0x080035b0                HAL_I2C_MasterTxCpltCallback
 .text.HAL_I2C_MasterRxCpltCallback
                0x080035b2        0x2 ./Drivers/STM32F1xx_HAL_Driver/Src/stm32f1xx_hal_i2c.o
                0x080035b2                HAL_I2C_MasterRxCpltCallback
 .text.HAL_I2C_SlaveTxCpltCallback
                0x080035b4        0x2 ./Drivers/STM32F1xx_HAL_Driver/Src/stm32f1xx_hal_i2c.o
                0x080035b4                HAL_I2C_SlaveTxCpltCallback
 .text.HAL_I2C_SlaveRxCpltCallback
                0x080035b6        0x2 ./Drivers/STM32F1xx_HAL_Driver/Src/stm32f1xx_hal_i2c.o
                0x080035b6                HAL_I2C_SlaveRxCpltCallback
 .text.HAL_I2C_AddrCallback
                0x080035b8        0x2 ./Drivers/STM32F1xx_HAL_Driver/Src/stm32f1xx_hal_i2c.o
                0x080035b8                HAL_I2C_AddrCallback
 .text.HAL_I2C_ListenCpltCallback
                0x080035ba        0x2 ./Drivers/STM32F1xx_HAL_Driver/Src/stm32f1xx_hal_i2c.o
                0x080035ba                HAL_I2C_ListenCpltCallback
 .text.HAL_I2C_MemTxCpltCallback
                0x080035bc        0x2 ./Drivers/STM32F1xx_HAL_Driver/Src/stm32f1xx_hal_i2c.o
                0x080035bc                HAL_I2C_MemTxCpltCallback
 .text.I2C_MemoryTransmit_TXE_BTF
                0x080035be       0xb0 ./Drivers/STM32F1xx_HAL_Driver/Src/stm32f1xx_hal_i2c.o
 .text.HAL_I2C_MemRxCpltCallback
                0x0800366e        0x2 ./Drivers/STM32F1xx_HAL_Driver/Src/stm32f1xx_hal_i2c.o
                0x0800366e                HAL_I2C_MemRxCpltCallback
 .text.HAL_I2C_ErrorCallback
                0x08003670        0x2 ./Drivers/STM32F1xx_HAL_Driver/Src/stm32f1xx_hal_i2c.o
                0x08003670                HAL_I2C_ErrorCallback
 .text.HAL_I2C_AbortCpltCallback
                0x08003672        0x2 ./Drivers/STM32F1xx_HAL_Driver/Src/stm32f1xx_hal_i2c.o
                0x08003672                HAL_I2C_AbortCpltCallback
 .text.I2C_DMAAbort
                0x08003674       0xc0 ./Drivers/STM32F1xx_HAL_Driver/Src/stm32f1xx_hal_i2c.o
 .text.I2C_ITError
                0x08003734      0x150 ./Drivers/STM32F1xx_HAL_Driver/Src/stm32f1xx_hal_i2c.o
 .text.HAL_I2C_EV_IRQHandler
                0x08003884      0x8b0 ./Drivers/STM32F1xx_HAL_Driver/Src/stm32f1xx_hal_i2c.o
                0x08003884                HAL_I2C_EV_IRQHandler
 .text.HAL_I2C_ER_IRQHandler
                0x08004134      0x140 ./Drivers/STM32F1xx_HAL_Driver/Src/stm32f1xx_hal_i2c.o
                0x08004134                HAL_I2C_ER_IRQHandler
 .text.HAL_RCC_OscConfig
                0x08004274      0x338 ./Drivers/STM32F1xx_HAL_Driver/Src/stm32f1xx_hal_rcc.o
                0x08004274                HAL_RCC_OscConfig
 .text.HAL_RCC_GetSysClockFreq
                0x080045ac       0x4c ./Drivers/STM32F1xx_HAL_Driver/Src/stm32f1xx_hal_rcc.o
                0x080045ac                HAL_RCC_GetSysClockFreq
 .text.HAL_RCC_ClockConfig
                0x080045f8      0x138 ./Drivers/STM32F1xx_HAL_Driver/Src/stm32f1xx_hal_rcc.o
                0x080045f8                HAL_RCC_ClockConfig
 .text.HAL_RCC_GetPCLK1Freq
                0x08004730       0x20 ./Drivers/STM32F1xx_HAL_Driver/Src/stm32f1xx_hal_rcc.o
                0x08004730                HAL_RCC_GetPCLK1Freq
 .text.HAL_RCC_GetPCLK2Freq
                0x08004750       0x20 ./Drivers/STM32F1xx_HAL_Driver/Src/stm32f1xx_hal_rcc.o
                0x08004750                HAL_RCC_GetPCLK2Freq
 .text.TIM_OC1_SetConfig
                0x08004770       0x50 ./Drivers/STM32F1xx_HAL_Driver/Src/stm32f1xx_hal_tim.o
 .text.TIM_OC3_SetConfig
                0x080047c0       0x54 ./Drivers/STM32F1xx_HAL_Driver/Src/stm32f1xx_hal_tim.o
 .text.TIM_OC4_SetConfig
                0x08004814       0x44 ./Drivers/STM32F1xx_HAL_Driver/Src/stm32f1xx_hal_tim.o
 .text.HAL_TIM_PWM_MspInit
                0x08004858        0x2 ./Drivers/STM32F1xx_HAL_Driver/Src/stm32f1xx_hal_tim.o
                0x08004858                HAL_TIM_PWM_MspInit
 .text.HAL_TIM_PeriodElapsedCallback
                0x0800485a        0x2 ./Drivers/STM32F1xx_HAL_Driver/Src/stm32f1xx_hal_tim.o
                0x0800485a                HAL_TIM_PeriodElapsedCallback
 .text.HAL_TIM_OC_DelayElapsedCallback
                0x0800485c        0x2 ./Drivers/STM32F1xx_HAL_Driver/Src/stm32f1xx_hal_tim.o
                0x0800485c                HAL_TIM_OC_DelayElapsedCallback
 .text.TIM_DMACaptureCplt
                0x0800485e       0x7a ./Drivers/STM32F1xx_HAL_Driver/Src/stm32f1xx_hal_tim.o
                0x0800485e                TIM_DMACaptureCplt
 .text.TIM_DMACaptureHalfCplt
                0x080048d8       0x38 ./Drivers/STM32F1xx_HAL_Driver/Src/stm32f1xx_hal_tim.o
                0x080048d8                TIM_DMACaptureHalfCplt
 .text.HAL_TIM_PWM_PulseFinishedCallback
                0x08004910        0x2 ./Drivers/STM32F1xx_HAL_Driver/Src/stm32f1xx_hal_tim.o
                0x08004910                HAL_TIM_PWM_PulseFinishedCallback
 .text.HAL_TIM_TriggerCallback
                0x08004912        0x2 ./Drivers/STM32F1xx_HAL_Driver/Src/stm32f1xx_hal_tim.o
                0x08004912                HAL_TIM_TriggerCallback
 .text.HAL_TIM_IRQHandler
                0x08004914      0x128 ./Drivers/STM32F1xx_HAL_Driver/Src/stm32f1xx_hal_tim.o
                0x08004914                HAL_TIM_IRQHandler
 .text.HAL_TIM_ErrorCallback
                0x08004a3c        0x2 ./Drivers/STM32F1xx_HAL_Driver/Src/stm32f1xx_hal_tim.o
                0x08004a3c                HAL_TIM_ErrorCallback
 .text.TIM_DMAError
                0x08004a3e       0x58 ./Drivers/STM32F1xx_HAL_Driver/Src/stm32f1xx_hal_tim.o
                0x08004a3e                TIM_DMAError
 *fill*         0x08004a96        0x2 
 .text.TIM_Base_SetConfig
                0x08004a98       0x64 ./Drivers/STM32F1xx_HAL_Driver/Src/stm32f1xx_hal_tim.o
                0x08004a98                TIM_Base_SetConfig
 .text.HAL_TIM_Base_Init
                0x08004afc       0x58 ./Drivers/STM32F1xx_HAL_Driver/Src/stm32f1xx_hal_tim.o
                0x08004afc                HAL_TIM_Base_Init
 .text.HAL_TIM_PWM_Init
                0x08004b54       0x58 ./Drivers/STM32F1xx_HAL_Driver/Src/stm32f1xx_hal_tim.o
                0x08004b54                HAL_TIM_PWM_Init
 .text.HAL_TIM_IC_Init
                0x08004bac       0x58 ./Drivers/STM32F1xx_HAL_Driver/Src/stm32f1xx_hal_tim.o
                0x08004bac                HAL_TIM_IC_Init
 .text.TIM_OC2_SetConfig
                0x08004c04       0x58 ./Drivers/STM32F1xx_HAL_Driver/Src/stm32f1xx_hal_tim.o
                0x08004c04                TIM_OC2_SetConfig
 .text.HAL_TIM_PWM_ConfigChannel
                0x08004c5c       0xb0 ./Drivers/STM32F1xx_HAL_Driver/Src/stm32f1xx_hal_tim.o
                0x08004c5c                HAL_TIM_PWM_ConfigChannel
 .text.TIM_TI1_SetConfig
                0x08004d0c       0x50 ./Drivers/STM32F1xx_HAL_Driver/Src/stm32f1xx_hal_tim.o
                0x08004d0c                TIM_TI1_SetConfig
 .text.HAL_TIM_IC_ConfigChannel
                0x08004d5c      0x116 ./Drivers/STM32F1xx_HAL_Driver/Src/stm32f1xx_hal_tim.o
                0x08004d5c                HAL_TIM_IC_ConfigChannel
 .text.TIM_ETR_SetConfig
                0x08004e72       0x14 ./Drivers/STM32F1xx_HAL_Driver/Src/stm32f1xx_hal_tim.o
                0x08004e72                TIM_ETR_SetConfig
 .text.HAL_TIM_ConfigClockSource
                0x08004e86      0x132 ./Drivers/STM32F1xx_HAL_Driver/Src/stm32f1xx_hal_tim.o
                0x08004e86                HAL_TIM_ConfigClockSource
 .text.TIM_CCxChannelCmd
                0x08004fb8       0x1c ./Drivers/STM32F1xx_HAL_Driver/Src/stm32f1xx_hal_tim.o
                0x08004fb8                TIM_CCxChannelCmd
 .text.HAL_TIM_OC_Start
                0x08004fd4       0x9c ./Drivers/STM32F1xx_HAL_Driver/Src/stm32f1xx_hal_tim.o
                0x08004fd4                HAL_TIM_OC_Start
 .text.HAL_TIM_PWM_Start
                0x08005070        0x4 ./Drivers/STM32F1xx_HAL_Driver/Src/stm32f1xx_hal_tim.o
                0x08005070                HAL_TIM_PWM_Start
 .text.HAL_TIM_OC_Stop
                0x08005074       0x74 ./Drivers/STM32F1xx_HAL_Driver/Src/stm32f1xx_hal_tim.o
                0x08005074                HAL_TIM_OC_Stop
 .text.HAL_TIM_PWM_Stop
                0x080050e8        0x4 ./Drivers/STM32F1xx_HAL_Driver/Src/stm32f1xx_hal_tim.o
                0x080050e8                HAL_TIM_PWM_Stop
 .text.HAL_TIM_IC_Start_DMA
                0x080050ec      0x1b4 ./Drivers/STM32F1xx_HAL_Driver/Src/stm32f1xx_hal_tim.o
                0x080050ec                HAL_TIM_IC_Start_DMA
 .text.HAL_TIMEx_MasterConfigSynchronization
                0x080052a0       0x5c ./Drivers/STM32F1xx_HAL_Driver/Src/stm32f1xx_hal_tim_ex.o
                0x080052a0                HAL_TIMEx_MasterConfigSynchronization
 .text.HAL_TIMEx_ConfigBreakDeadTime
                0x080052fc       0x4c ./Drivers/STM32F1xx_HAL_Driver/Src/stm32f1xx_hal_tim_ex.o
                0x080052fc                HAL_TIMEx_ConfigBreakDeadTime
 .text.HAL_TIMEx_CommutCallback
                0x08005348        0x2 ./Drivers/STM32F1xx_HAL_Driver/Src/stm32f1xx_hal_tim_ex.o
                0x08005348                HAL_TIMEx_CommutCallback
 .text.HAL_TIMEx_BreakCallback
                0x0800534a        0x2 ./Drivers/STM32F1xx_HAL_Driver/Src/stm32f1xx_hal_tim_ex.o
                0x0800534a                HAL_TIMEx_BreakCallback
 .text.UART_EndRxTransfer
                0x0800534c       0x5c ./Drivers/STM32F1xx_HAL_Driver/Src/stm32f1xx_hal_uart.o
 .text.UART_SetConfig
                0x080053a8       0x74 ./Drivers/STM32F1xx_HAL_Driver/Src/stm32f1xx_hal_uart.o
 .text.UART_WaitOnFlagUntilTimeout.constprop.0
                0x0800541c       0x64 ./Drivers/STM32F1xx_HAL_Driver/Src/stm32f1xx_hal_uart.o
 .text.HAL_UART_Init
                0x08005480       0x5e ./Drivers/STM32F1xx_HAL_Driver/Src/stm32f1xx_hal_uart.o
                0x08005480                HAL_UART_Init
 .text.HAL_UART_DeInit
                0x080054de       0x34 ./Drivers/STM32F1xx_HAL_Driver/Src/stm32f1xx_hal_uart.o
                0x080054de                HAL_UART_DeInit
 .text.HAL_UART_Transmit
                0x08005512       0x9c ./Drivers/STM32F1xx_HAL_Driver/Src/stm32f1xx_hal_uart.o
                0x08005512                HAL_UART_Transmit
 .text.HAL_UART_Abort
                0x080055ae       0xdc ./Drivers/STM32F1xx_HAL_Driver/Src/stm32f1xx_hal_uart.o
                0x080055ae                HAL_UART_Abort
 .text.HAL_UART_TxCpltCallback
                0x0800568a        0x2 ./Drivers/STM32F1xx_HAL_Driver/Src/stm32f1xx_hal_uart.o
                0x0800568a                HAL_UART_TxCpltCallback
 .text.UART_DMAAbortOnError
                0x0800568c       0x10 ./Drivers/STM32F1xx_HAL_Driver/Src/stm32f1xx_hal_uart.o
 .text.HAL_UARTEx_RxEventCallback
                0x0800569c        0x2 ./Drivers/STM32F1xx_HAL_Driver/Src/stm32f1xx_hal_uart.o
                0x0800569c                HAL_UARTEx_RxEventCallback
 .text.UART_Receive_IT.isra.0
                0x0800569e       0xb6 ./Drivers/STM32F1xx_HAL_Driver/Src/stm32f1xx_hal_uart.o
 .text.HAL_UART_IRQHandler
                0x08005754      0x294 ./Drivers/STM32F1xx_HAL_Driver/Src/stm32f1xx_hal_uart.o
                0x08005754                HAL_UART_IRQHandler
 .text.UART_Start_Receive_IT
                0x080059e8       0x32 ./Drivers/STM32F1xx_HAL_Driver/Src/stm32f1xx_hal_uart.o
                0x080059e8                UART_Start_Receive_IT
 .text.HAL_UART_Receive_IT
                0x08005a1a       0x22 ./Drivers/STM32F1xx_HAL_Driver/Src/stm32f1xx_hal_uart.o
                0x08005a1a                HAL_UART_Receive_IT
 .text.osKernelInitialize
                0x08005a3c       0x24 ./Middlewares/Third_Party/FreeRTOS/Source/CMSIS_RTOS_V2/cmsis_os2.o
                0x08005a3c                osKernelInitialize
 .text.osKernelStart
                0x08005a60       0x34 ./Middlewares/Third_Party/FreeRTOS/Source/CMSIS_RTOS_V2/cmsis_os2.o
                0x08005a60                osKernelStart
 .text.osKernelGetTickCount
                0x08005a94        0xe ./Middlewares/Third_Party/FreeRTOS/Source/CMSIS_RTOS_V2/cmsis_os2.o
                0x08005a94                osKernelGetTickCount
 .text.osThreadNew
                0x08005aa2       0x88 ./Middlewares/Third_Party/FreeRTOS/Source/CMSIS_RTOS_V2/cmsis_os2.o
                0x08005aa2                osThreadNew
 .text.osDelayUntil
                0x08005b2a       0x2e ./Middlewares/Third_Party/FreeRTOS/Source/CMSIS_RTOS_V2/cmsis_os2.o
                0x08005b2a                osDelayUntil
 .text.osMutexNew
                0x08005b58       0x70 ./Middlewares/Third_Party/FreeRTOS/Source/CMSIS_RTOS_V2/cmsis_os2.o
                0x08005b58                osMutexNew
 .text.osMutexAcquire
                0x08005bc8       0x46 ./Middlewares/Third_Party/FreeRTOS/Source/CMSIS_RTOS_V2/cmsis_os2.o
                0x08005bc8                osMutexAcquire
 .text.osMutexRelease
                0x08005c0e       0x3e ./Middlewares/Third_Party/FreeRTOS/Source/CMSIS_RTOS_V2/cmsis_os2.o
                0x08005c0e                osMutexRelease
 .text.vApplicationGetIdleTaskMemory
                0x08005c4c       0x18 ./Middlewares/Third_Party/FreeRTOS/Source/CMSIS_RTOS_V2/cmsis_os2.o
                0x08005c4c                vApplicationGetIdleTaskMemory
 .text.vApplicationGetTimerTaskMemory
                0x08005c64       0x18 ./Middlewares/Third_Party/FreeRTOS/Source/CMSIS_RTOS_V2/cmsis_os2.o
                0x08005c64                vApplicationGetTimerTaskMemory
 .text.vListInitialise
                0x08005c7c       0x16 ./Middlewares/Third_Party/FreeRTOS/Source/list.o
                0x08005c7c                vListInitialise
 .text.vListInitialiseItem
                0x08005c92        0x6 ./Middlewares/Third_Party/FreeRTOS/Source/list.o
                0x08005c92                vListInitialiseItem
 .text.vListInsertEnd
                0x08005c98       0x16 ./Middlewares/Third_Party/FreeRTOS/Source/list.o
                0x08005c98                vListInsertEnd
 .text.vListInsert
                0x08005cae       0x2e ./Middlewares/Third_Party/FreeRTOS/Source/list.o
                0x08005cae                vListInsert
 .text.uxListRemove
                0x08005cdc       0x20 ./Middlewares/Third_Party/FreeRTOS/Source/list.o
                0x08005cdc                uxListRemove
 .text.prvIsQueueEmpty
                0x08005cfc       0x16 ./Middlewares/Third_Party/FreeRTOS/Source/queue.o
 .text.prvCopyDataToQueue
                0x08005d12       0x66 ./Middlewares/Third_Party/FreeRTOS/Source/queue.o
 .text.prvCopyDataFromQueue
                0x08005d78       0x28 ./Middlewares/Third_Party/FreeRTOS/Source/queue.o
 .text.prvUnlockQueue
                0x08005da0       0x6c ./Middlewares/Third_Party/FreeRTOS/Source/queue.o
 .text.xQueueGenericReset
                0x08005e0c       0x7e ./Middlewares/Third_Party/FreeRTOS/Source/queue.o
                0x08005e0c                xQueueGenericReset
 .text.xQueueGenericCreateStatic
                0x08005e8a       0x9c ./Middlewares/Third_Party/FreeRTOS/Source/queue.o
                0x08005e8a                xQueueGenericCreateStatic
 .text.xQueueGenericSend
                0x08005f26      0x164 ./Middlewares/Third_Party/FreeRTOS/Source/queue.o
                0x08005f26                xQueueGenericSend
 .text.xQueueCreateMutexStatic
                0x0800608a       0x2a ./Middlewares/Third_Party/FreeRTOS/Source/queue.o
                0x0800608a                xQueueCreateMutexStatic
 .text.xQueueGiveMutexRecursive
                0x080060b4       0x3e ./Middlewares/Third_Party/FreeRTOS/Source/queue.o
                0x080060b4                xQueueGiveMutexRecursive
 .text.xQueueCreateMutex
                0x080060f2       0x3a ./Middlewares/Third_Party/FreeRTOS/Source/queue.o
                0x080060f2                xQueueCreateMutex
 .text.xQueueGenericSendFromISR
                0x0800612c       0xba ./Middlewares/Third_Party/FreeRTOS/Source/queue.o
                0x0800612c                xQueueGenericSendFromISR
 .text.xQueueReceive
                0x080061e6      0x13c ./Middlewares/Third_Party/FreeRTOS/Source/queue.o
                0x080061e6                xQueueReceive
 .text.xQueueSemaphoreTake
                0x08006322      0x17a ./Middlewares/Third_Party/FreeRTOS/Source/queue.o
                0x08006322                xQueueSemaphoreTake
 .text.xQueueTakeMutexRecursive
                0x0800649c       0x42 ./Middlewares/Third_Party/FreeRTOS/Source/queue.o
                0x0800649c                xQueueTakeMutexRecursive
 *fill*         0x080064de        0x2 
 .text.vQueueAddToRegistry
                0x080064e0       0x24 ./Middlewares/Third_Party/FreeRTOS/Source/queue.o
                0x080064e0                vQueueAddToRegistry
 .text.vQueueWaitForMessageRestricted
                0x08006504       0x46 ./Middlewares/Third_Party/FreeRTOS/Source/queue.o
                0x08006504                vQueueWaitForMessageRestricted
 *fill*         0x0800654a        0x2 
 .text.prvAddNewTaskToReadyList
                0x0800654c      0x100 ./Middlewares/Third_Party/FreeRTOS/Source/tasks.o
 .text.prvAddCurrentTaskToDelayedList
                0x0800664c       0x70 ./Middlewares/Third_Party/FreeRTOS/Source/tasks.o
 .text.prvResetNextTaskUnblockTime
                0x080066bc       0x24 ./Middlewares/Third_Party/FreeRTOS/Source/tasks.o
 .text.prvDeleteTCB
                0x080066e0       0x36 ./Middlewares/Third_Party/FreeRTOS/Source/tasks.o
 *fill*         0x08006716        0x2 
 .text.prvIdleTask
                0x08006718       0x60 ./Middlewares/Third_Party/FreeRTOS/Source/tasks.o
 .text.prvInitialiseNewTask.constprop.0
                0x08006778       0x96 ./Middlewares/Third_Party/FreeRTOS/Source/tasks.o
 .text.xTaskCreateStatic
                0x0800680e       0x70 ./Middlewares/Third_Party/FreeRTOS/Source/tasks.o
                0x0800680e                xTaskCreateStatic
 .text.xTaskCreate
                0x0800687e       0x5c ./Middlewares/Third_Party/FreeRTOS/Source/tasks.o
                0x0800687e                xTaskCreate
 *fill*         0x080068da        0x2 
 .text.vTaskStartScheduler
                0x080068dc       0x8c ./Middlewares/Third_Party/FreeRTOS/Source/tasks.o
                0x080068dc                vTaskStartScheduler
 .text.vTaskSuspendAll
                0x08006968       0x10 ./Middlewares/Third_Party/FreeRTOS/Source/tasks.o
                0x08006968                vTaskSuspendAll
 .text.xTaskGetTickCount
                0x08006978        0xc ./Middlewares/Third_Party/FreeRTOS/Source/tasks.o
                0x08006978                xTaskGetTickCount
 .text.xTaskGetTickCountFromISR
                0x08006984       0x10 ./Middlewares/Third_Party/FreeRTOS/Source/tasks.o
                0x08006984                xTaskGetTickCountFromISR
 .text.xTaskIncrementTick
                0x08006994      0x130 ./Middlewares/Third_Party/FreeRTOS/Source/tasks.o
                0x08006994                xTaskIncrementTick
 .text.xTaskResumeAll
                0x08006ac4       0xe8 ./Middlewares/Third_Party/FreeRTOS/Source/tasks.o
                0x08006ac4                xTaskResumeAll
 .text.vTaskDelayUntil
                0x08006bac       0x94 ./Middlewares/Third_Party/FreeRTOS/Source/tasks.o
                0x08006bac                vTaskDelayUntil
 .text.vTaskSwitchContext
                0x08006c40       0x78 ./Middlewares/Third_Party/FreeRTOS/Source/tasks.o
                0x08006c40                vTaskSwitchContext
 .text.vTaskPlaceOnEventList
                0x08006cb8       0x34 ./Middlewares/Third_Party/FreeRTOS/Source/tasks.o
                0x08006cb8                vTaskPlaceOnEventList
 .text.vTaskPlaceOnEventListRestricted
                0x08006cec       0x40 ./Middlewares/Third_Party/FreeRTOS/Source/tasks.o
                0x08006cec                vTaskPlaceOnEventListRestricted
 .text.xTaskRemoveFromEventList
                0x08006d2c       0x80 ./Middlewares/Third_Party/FreeRTOS/Source/tasks.o
                0x08006d2c                xTaskRemoveFromEventList
 .text.vTaskInternalSetTimeOutState
                0x08006dac       0x18 ./Middlewares/Third_Party/FreeRTOS/Source/tasks.o
                0x08006dac                vTaskInternalSetTimeOutState
 .text.xTaskCheckForTimeOut
                0x08006dc4       0x78 ./Middlewares/Third_Party/FreeRTOS/Source/tasks.o
                0x08006dc4                xTaskCheckForTimeOut
 .text.vTaskMissedYield
                0x08006e3c        0xc ./Middlewares/Third_Party/FreeRTOS/Source/tasks.o
                0x08006e3c                vTaskMissedYield
 .text.xTaskGetCurrentTaskHandle
                0x08006e48        0xc ./Middlewares/Third_Party/FreeRTOS/Source/tasks.o
                0x08006e48                xTaskGetCurrentTaskHandle
 .text.xTaskGetSchedulerState
                0x08006e54       0x20 ./Middlewares/Third_Party/FreeRTOS/Source/tasks.o
                0x08006e54                xTaskGetSchedulerState
 .text.xTaskPriorityInherit
                0x08006e74       0x7c ./Middlewares/Third_Party/FreeRTOS/Source/tasks.o
                0x08006e74                xTaskPriorityInherit
 .text.xTaskPriorityDisinherit
                0x08006ef0       0x84 ./Middlewares/Third_Party/FreeRTOS/Source/tasks.o
                0x08006ef0                xTaskPriorityDisinherit
 .text.vTaskPriorityDisinheritAfterTimeout
                0x08006f74       0x9c ./Middlewares/Third_Party/FreeRTOS/Source/tasks.o
                0x08006f74                vTaskPriorityDisinheritAfterTimeout
 .text.pvTaskIncrementMutexHeldCount
                0x08007010       0x18 ./Middlewares/Third_Party/FreeRTOS/Source/tasks.o
                0x08007010                pvTaskIncrementMutexHeldCount
 .text.prvInsertTimerInActiveList
                0x08007028       0x3c ./Middlewares/Third_Party/FreeRTOS/Source/timers.o
 .text.prvCheckForValidListAndQueue
                0x08007064       0x68 ./Middlewares/Third_Party/FreeRTOS/Source/timers.o
 .text.xTimerCreateTimerTask
                0x080070cc       0x64 ./Middlewares/Third_Party/FreeRTOS/Source/timers.o
                0x080070cc                xTimerCreateTimerTask
 .text.xTimerGenericCommand
                0x08007130       0x58 ./Middlewares/Third_Party/FreeRTOS/Source/timers.o
                0x08007130                xTimerGenericCommand
 .text.prvSampleTimeNow
                0x08007188       0xa4 ./Middlewares/Third_Party/FreeRTOS/Source/timers.o
 .text.prvTimerTask
                0x0800722c      0x1cc ./Middlewares/Third_Party/FreeRTOS/Source/timers.o
 .text.prvPortStartFirstTask
                0x080073f8       0x20 ./Middlewares/Third_Party/FreeRTOS/Source/portable/GCC/ARM_CM3/port.o
 .text.prvTaskExitError
                0x08007418       0x40 ./Middlewares/Third_Party/FreeRTOS/Source/portable/GCC/ARM_CM3/port.o
 .text.pxPortInitialiseStack
                0x08007458       0x24 ./Middlewares/Third_Party/FreeRTOS/Source/portable/GCC/ARM_CM3/port.o
                0x08007458                pxPortInitialiseStack
 *fill*         0x0800747c        0x4 
 .text.SVC_Handler
                0x08007480       0x24 ./Middlewares/Third_Party/FreeRTOS/Source/portable/GCC/ARM_CM3/port.o
                0x08007480                SVC_Handler
 .text.vPortEnterCritical
                0x080074a4       0x40 ./Middlewares/Third_Party/FreeRTOS/Source/portable/GCC/ARM_CM3/port.o
                0x080074a4                vPortEnterCritical
 .text.vPortExitCritical
                0x080074e4       0x28 ./Middlewares/Third_Party/FreeRTOS/Source/portable/GCC/ARM_CM3/port.o
                0x080074e4                vPortExitCritical
 *fill*         0x0800750c        0x4 
 .text.PendSV_Handler
                0x08007510       0x44 ./Middlewares/Third_Party/FreeRTOS/Source/portable/GCC/ARM_CM3/port.o
                0x08007510                PendSV_Handler
 .text.xPortSysTickHandler
                0x08007554       0x2c ./Middlewares/Third_Party/FreeRTOS/Source/portable/GCC/ARM_CM3/port.o
                0x08007554                xPortSysTickHandler
 .text.vPortSetupTimerInterrupt
                0x08007580       0x24 ./Middlewares/Third_Party/FreeRTOS/Source/portable/GCC/ARM_CM3/port.o
                0x08007580                vPortSetupTimerInterrupt
 .text.xPortStartScheduler
                0x080075a4       0xb0 ./Middlewares/Third_Party/FreeRTOS/Source/portable/GCC/ARM_CM3/port.o
                0x080075a4                xPortStartScheduler
 .text.vPortValidateInterruptPriority
                0x08007654       0x5c ./Middlewares/Third_Party/FreeRTOS/Source/portable/GCC/ARM_CM3/port.o
                0x08007654                vPortValidateInterruptPriority
 .text.prvInsertBlockIntoFreeList
                0x080076b0       0x4c ./Middlewares/Third_Party/FreeRTOS/Source/portable/MemMang/heap_4.o
 .text.pvPortMalloc
                0x080076fc      0x130 ./Middlewares/Third_Party/FreeRTOS/Source/portable/MemMang/heap_4.o
                0x080076fc                pvPortMalloc
 .text.vPortFree
                0x0800782c       0x7c ./Middlewares/Third_Party/FreeRTOS/Source/portable/MemMang/heap_4.o
                0x0800782c                vPortFree
 .text.memset   0x080078a8       0x10 D:/STM32CubeIDE_1.19.0/STM32CubeIDE/plugins/com.st.stm32cube.ide.mcu.externaltools.gnu-tools-for-stm32.13.3.rel1.win32_1.0.0.202411081344/tools/bin/../lib/gcc/arm-none-eabi/13.3.1/../../../../arm-none-eabi/lib/thumb/v7-m/nofp\libc_nano.a(libc_a-memset.o)
                0x080078a8                memset
 .text.__errno  0x080078b8        0xc D:/STM32CubeIDE_1.19.0/STM32CubeIDE/plugins/com.st.stm32cube.ide.mcu.externaltools.gnu-tools-for-stm32.13.3.rel1.win32_1.0.0.202411081344/tools/bin/../lib/gcc/arm-none-eabi/13.3.1/../../../../arm-none-eabi/lib/thumb/v7-m/nofp\libc_nano.a(libc_a-errno.o)
                0x080078b8                __errno
 .text.__libc_init_array
                0x080078c4       0x48 D:/STM32CubeIDE_1.19.0/STM32CubeIDE/plugins/com.st.stm32cube.ide.mcu.externaltools.gnu-tools-for-stm32.13.3.rel1.win32_1.0.0.202411081344/tools/bin/../lib/gcc/arm-none-eabi/13.3.1/../../../../arm-none-eabi/lib/thumb/v7-m/nofp\libc_nano.a(libc_a-init.o)
                0x080078c4                __libc_init_array
 .text.memcpy   0x0800790c       0x1c D:/STM32CubeIDE_1.19.0/STM32CubeIDE/plugins/com.st.stm32cube.ide.mcu.externaltools.gnu-tools-for-stm32.13.3.rel1.win32_1.0.0.202411081344/tools/bin/../lib/gcc/arm-none-eabi/13.3.1/../../../../arm-none-eabi/lib/thumb/v7-m/nofp\libc_nano.a(libc_a-memcpy-stub.o)
                0x0800790c                memcpy
 .text.sqrtf    0x08007928       0x34 D:/STM32CubeIDE_1.19.0/STM32CubeIDE/plugins/com.st.stm32cube.ide.mcu.externaltools.gnu-tools-for-stm32.13.3.rel1.win32_1.0.0.202411081344/tools/bin/../lib/gcc/arm-none-eabi/13.3.1/../../../../arm-none-eabi/lib/thumb/v7-m/nofp\libm.a(libm_a-wf_sqrt.o)
                0x08007928                sqrtf
 .text.__ieee754_sqrtf
                0x0800795c       0xe0 D:/STM32CubeIDE_1.19.0/STM32CubeIDE/plugins/com.st.stm32cube.ide.mcu.externaltools.gnu-tools-for-stm32.13.3.rel1.win32_1.0.0.202411081344/tools/bin/../lib/gcc/arm-none-eabi/13.3.1/../../../../arm-none-eabi/lib/thumb/v7-m/nofp\libm.a(libm_a-ef_sqrt.o)
                0x0800795c                __ieee754_sqrtf
 *(.glue_7)
 .glue_7        0x08007a3c        0x0 linker stubs
 *(.glue_7t)
 .glue_7t       0x08007a3c        0x0 linker stubs
 *(.eh_frame)
 .eh_frame      0x08007a3c        0x0 D:/STM32CubeIDE_1.19.0/STM32CubeIDE/plugins/com.st.stm32cube.ide.mcu.externaltools.gnu-tools-for-stm32.13.3.rel1.win32_1.0.0.202411081344/tools/bin/../lib/gcc/arm-none-eabi/13.3.1/thumb/v7-m/nofp/crtbegin.o
 *(.init)
 .init          0x08007a3c        0x4 D:/STM32CubeIDE_1.19.0/STM32CubeIDE/plugins/com.st.stm32cube.ide.mcu.externaltools.gnu-tools-for-stm32.13.3.rel1.win32_1.0.0.202411081344/tools/bin/../lib/gcc/arm-none-eabi/13.3.1/thumb/v7-m/nofp/crti.o
                0x08007a3c                _init
 .init          0x08007a40        0x8 D:/STM32CubeIDE_1.19.0/STM32CubeIDE/plugins/com.st.stm32cube.ide.mcu.externaltools.gnu-tools-for-stm32.13.3.rel1.win32_1.0.0.202411081344/tools/bin/../lib/gcc/arm-none-eabi/13.3.1/thumb/v7-m/nofp/crtn.o
 *(.fini)
 .fini          0x08007a48        0x4 D:/STM32CubeIDE_1.19.0/STM32CubeIDE/plugins/com.st.stm32cube.ide.mcu.externaltools.gnu-tools-for-stm32.13.3.rel1.win32_1.0.0.202411081344/tools/bin/../lib/gcc/arm-none-eabi/13.3.1/thumb/v7-m/nofp/crti.o
                0x08007a48                _fini
 .fini          0x08007a4c        0x8 D:/STM32CubeIDE_1.19.0/STM32CubeIDE/plugins/com.st.stm32cube.ide.mcu.externaltools.gnu-tools-for-stm32.13.3.rel1.win32_1.0.0.202411081344/tools/bin/../lib/gcc/arm-none-eabi/13.3.1/thumb/v7-m/nofp/crtn.o
                0x08007a54                        . = ALIGN (0x4)
                0x08007a54                        _etext = .

.vfp11_veneer   0x08007a54        0x0
 .vfp11_veneer  0x08007a54        0x0 linker stubs

.v4_bx          0x08007a54        0x0
 .v4_bx         0x08007a54        0x0 linker stubs

.iplt           0x08007a54        0x0
 .iplt          0x08007a54        0x0 D:/STM32CubeIDE_1.19.0/STM32CubeIDE/plugins/com.st.stm32cube.ide.mcu.externaltools.gnu-tools-for-stm32.13.3.rel1.win32_1.0.0.202411081344/tools/bin/../lib/gcc/arm-none-eabi/13.3.1/thumb/v7-m/nofp/crtbegin.o

.rodata         0x08007a54      0x13c
                0x08007a54                        . = ALIGN (0x4)
 *(.rodata)
 *(.rodata*)
 .rodata.main.str1.1
                0x08007a54       0x52 ./Core/Src/main.o
                                  0xe (size before relaxing)
 .rodata.str1.1
                0x08007aa6       0x32 ./Core/Src/main.o
 *fill*         0x08007aa6        0x2 
 .rodata.EncoderTask_attributes
                0x08007aa8       0x24 ./Core/Src/main.o
                0x08007aa8                EncoderTask_attributes
 .rodata.VisibleTask_attributes
                0x08007acc       0x24 ./Core/Src/main.o
                0x08007acc                VisibleTask_attributes
 .rodata.MotorTask_attributes
                0x08007af0       0x24 ./Core/Src/main.o
                0x08007af0                MotorTask_attributes
 .rodata.UartTask_attributes
                0x08007b14       0x24 ./Core/Src/main.o
                0x08007b14                UartTask_attributes
 .rodata.IOTask_attributes
                0x08007b38       0x24 ./Core/Src/main.o
                0x08007b38                IOTask_attributes
 .rodata.APBPrescTable
                0x08007b5c        0x8 ./Core/Src/system_stm32f1xx.o
                0x08007b5c                APBPrescTable
 .rodata.AHBPrescTable
                0x08007b64       0x10 ./Core/Src/system_stm32f1xx.o
                0x08007b64                AHBPrescTable
 .rodata.aPredivFactorTable.0
                0x08007b74        0x2 ./Drivers/STM32F1xx_HAL_Driver/Src/stm32f1xx_hal_rcc.o
 .rodata.aPLLMULFactorTable.1
                0x08007b76       0x10 ./Drivers/STM32F1xx_HAL_Driver/Src/stm32f1xx_hal_rcc.o
 .rodata.vTaskStartScheduler.str1.1
                0x08007b86        0x5 ./Middlewares/Third_Party/FreeRTOS/Source/tasks.o
 .rodata.prvCheckForValidListAndQueue.str1.1
                0x08007b86        0x5 ./Middlewares/Third_Party/FreeRTOS/Source/timers.o
 .rodata.xTimerCreateTimerTask.str1.1
                0x08007b86        0x8 ./Middlewares/Third_Party/FreeRTOS/Source/timers.o
 *fill*         0x08007b86        0x2 
 .rodata.tiny   0x08007b88        0x4 D:/STM32CubeIDE_1.19.0/STM32CubeIDE/plugins/com.st.stm32cube.ide.mcu.externaltools.gnu-tools-for-stm32.13.3.rel1.win32_1.0.0.202411081344/tools/bin/../lib/gcc/arm-none-eabi/13.3.1/../../../../arm-none-eabi/lib/thumb/v7-m/nofp\libm.a(libm_a-ef_sqrt.o)
 .rodata.one    0x08007b8c        0x4 D:/STM32CubeIDE_1.19.0/STM32CubeIDE/plugins/com.st.stm32cube.ide.mcu.externaltools.gnu-tools-for-stm32.13.3.rel1.win32_1.0.0.202411081344/tools/bin/../lib/gcc/arm-none-eabi/13.3.1/../../../../arm-none-eabi/lib/thumb/v7-m/nofp\libm.a(libm_a-ef_sqrt.o)
                0x08007b90                        . = ALIGN (0x4)

.ARM.extab      0x08007b90        0x0
                0x08007b90                        . = ALIGN (0x4)
 *(.ARM.extab* .gnu.linkonce.armextab.*)
                0x08007b90                        . = ALIGN (0x4)

.ARM            0x08007b90        0x0
                0x08007b90                        . = ALIGN (0x4)
                0x08007b90                        __exidx_start = .
 *(.ARM.exidx*)
                0x08007b90                        __exidx_end = .
                0x08007b90                        . = ALIGN (0x4)

.preinit_array  0x08007b90        0x0
                0x08007b90                        . = ALIGN (0x4)
                0x08007b90                        PROVIDE (__preinit_array_start = .)
 *(.preinit_array*)
                0x08007b90                        PROVIDE (__preinit_array_end = .)
                0x08007b90                        . = ALIGN (0x4)

.init_array     0x08007b90        0x4
                0x08007b90                        . = ALIGN (0x4)
                0x08007b90                        PROVIDE (__init_array_start = .)
 *(SORT_BY_NAME(.init_array.*))
 *(.init_array*)
 .init_array    0x08007b90        0x4 D:/STM32CubeIDE_1.19.0/STM32CubeIDE/plugins/com.st.stm32cube.ide.mcu.externaltools.gnu-tools-for-stm32.13.3.rel1.win32_1.0.0.202411081344/tools/bin/../lib/gcc/arm-none-eabi/13.3.1/thumb/v7-m/nofp/crtbegin.o
                0x08007b94                        PROVIDE (__init_array_end = .)
                0x08007b94                        . = ALIGN (0x4)

.fini_array     0x08007b94        0x4
                0x08007b94                        . = ALIGN (0x4)
                [!provide]                        PROVIDE (__fini_array_start = .)
 *(SORT_BY_NAME(.fini_array.*))
 *(.fini_array*)
 .fini_array    0x08007b94        0x4 D:/STM32CubeIDE_1.19.0/STM32CubeIDE/plugins/com.st.stm32cube.ide.mcu.externaltools.gnu-tools-for-stm32.13.3.rel1.win32_1.0.0.202411081344/tools/bin/../lib/gcc/arm-none-eabi/13.3.1/thumb/v7-m/nofp/crtbegin.o
                [!provide]                        PROVIDE (__fini_array_end = .)
                0x08007b98                        . = ALIGN (0x4)
                0x08007b98                        _sidata = LOADADDR (.data)

.rel.dyn        0x08007b98        0x0
 .rel.iplt      0x08007b98        0x0 D:/STM32CubeIDE_1.19.0/STM32CubeIDE/plugins/com.st.stm32cube.ide.mcu.externaltools.gnu-tools-for-stm32.13.3.rel1.win32_1.0.0.202411081344/tools/bin/../lib/gcc/arm-none-eabi/13.3.1/thumb/v7-m/nofp/crtbegin.o

.data           0x20000000       0x94 load address 0x08007b98
                0x20000000                        . = ALIGN (0x4)
                0x20000000                        _sdata = .
 *(.data)
 *(.data*)
 .data.encoder_state
                0x20000000       0x30 ./Core/Src/Encoder.o
 .data.current_baudrate
                0x20000030        0x1 ./Core/Src/main.o
                0x20000030                current_baudrate
 *fill*         0x20000031        0x3 
 .data.SystemCoreClock
                0x20000034        0x4 ./Core/Src/system_stm32f1xx.o
                0x20000034                SystemCoreClock
 .data.uwTickFreq
                0x20000038        0x1 ./Drivers/STM32F1xx_HAL_Driver/Src/stm32f1xx_hal.o
                0x20000038                uwTickFreq
 *fill*         0x20000039        0x3 
 .data.uwTickPrio
                0x2000003c        0x4 ./Drivers/STM32F1xx_HAL_Driver/Src/stm32f1xx_hal.o
                0x2000003c                uwTickPrio
 .data.uxCriticalNesting
                0x20000040        0x4 ./Middlewares/Third_Party/FreeRTOS/Source/portable/GCC/ARM_CM3/port.o
 .data._impure_ptr
                0x20000044        0x4 D:/STM32CubeIDE_1.19.0/STM32CubeIDE/plugins/com.st.stm32cube.ide.mcu.externaltools.gnu-tools-for-stm32.13.3.rel1.win32_1.0.0.202411081344/tools/bin/../lib/gcc/arm-none-eabi/13.3.1/../../../../arm-none-eabi/lib/thumb/v7-m/nofp\libc_nano.a(libc_a-impure.o)
                0x20000044                _impure_ptr
 .data._impure_data
                0x20000048       0x4c D:/STM32CubeIDE_1.19.0/STM32CubeIDE/plugins/com.st.stm32cube.ide.mcu.externaltools.gnu-tools-for-stm32.13.3.rel1.win32_1.0.0.202411081344/tools/bin/../lib/gcc/arm-none-eabi/13.3.1/../../../../arm-none-eabi/lib/thumb/v7-m/nofp\libc_nano.a(libc_a-impure.o)
                0x20000048                _impure_data
 *(.RamFunc)
 *(.RamFunc*)
                0x20000094                        . = ALIGN (0x4)
                0x20000094                        _edata = .

.igot.plt       0x20000094        0x0 load address 0x08007c2c
 .igot.plt      0x20000094        0x0 D:/STM32CubeIDE_1.19.0/STM32CubeIDE/plugins/com.st.stm32cube.ide.mcu.externaltools.gnu-tools-for-stm32.13.3.rel1.win32_1.0.0.202411081344/tools/bin/../lib/gcc/arm-none-eabi/13.3.1/thumb/v7-m/nofp/crtbegin.o
                0x20000094                        . = ALIGN (0x4)

.bss            0x20000094     0x2634 load address 0x08007c2c
                0x20000094                        _sbss = .
                0x20000094                        __bss_start__ = _sbss
 *(.bss)
 .bss           0x20000094       0x1c D:/STM32CubeIDE_1.19.0/STM32CubeIDE/plugins/com.st.stm32cube.ide.mcu.externaltools.gnu-tools-for-stm32.13.3.rel1.win32_1.0.0.202411081344/tools/bin/../lib/gcc/arm-none-eabi/13.3.1/thumb/v7-m/nofp/crtbegin.o
 *(.bss*)
 .bss.doutput_state
                0x200000b0        0x2 ./Core/Src/DOutput.o
                0x200000b0                doutput_state
 .bss.encoder1  0x200000b2       0x12 ./Core/Src/Encoder.o
                0x200000b2                encoder1
 .bss.dma_capture_buffer
                0x200000c4      0x190 ./Core/Src/Encoder.o
 .bss.filtered_derivative2.0
                0x20000254        0x4 ./Core/Src/MotorControl.o
 .bss.filtered_derivative1.1
                0x20000258        0x4 ./Core/Src/MotorControl.o
 .bss.filtered_derivative2.2
                0x2000025c        0x4 ./Core/Src/MotorControl.o
 .bss.filtered_derivative1.3
                0x20000260        0x4 ./Core/Src/MotorControl.o
 .bss.calib_previousTick.4
                0x20000264        0x4 ./Core/Src/MotorControl.o
 .bss.calib_state.5
                0x20000268        0x1 ./Core/Src/MotorControl.o
 *fill*         0x20000269        0x3 
 .bss.pid_state2
                0x2000026c       0x20 ./Core/Src/MotorControl.o
                0x2000026c                pid_state2
 .bss.pid_state1
                0x2000028c       0x20 ./Core/Src/MotorControl.o
                0x2000028c                pid_state1
 .bss.system    0x200002ac       0x14 ./Core/Src/MotorControl.o
                0x200002ac                system
 .bss.motor2    0x200002c0       0x12 ./Core/Src/MotorControl.o
                0x200002c0                motor2
 .bss.motor1    0x200002d2       0x12 ./Core/Src/MotorControl.o
                0x200002d2                motor1
 .bss.last_health_check
                0x200002e4        0x4 ./Core/Src/UartModbus.o
                0x200002e4                last_health_check
 .bss.g_ledIndicator
                0x200002e8        0x1 ./Core/Src/UartModbus.o
                0x200002e8                g_ledIndicator
 *fill*         0x200002e9        0x3 
 .bss.g_corruptionCount
                0x200002ec        0x4 ./Core/Src/UartModbus.o
                0x200002ec                g_corruptionCount
 .bss.g_modbusCounter
                0x200002f0        0x4 ./Core/Src/UartModbus.o
                0x200002f0                g_modbusCounter
 .bss.g_taskCounter
                0x200002f4        0x4 ./Core/Src/UartModbus.o
                0x200002f4                g_taskCounter
 .bss.g_discreteInputs
                0x200002f8        0x4 ./Core/Src/UartModbus.o
                0x200002f8                g_discreteInputs
 .bss.g_coils   0x200002fc        0x8 ./Core/Src/UartModbus.o
                0x200002fc                g_coils
 .bss.g_inputRegisters
                0x20000304        0xa ./Core/Src/UartModbus.o
                0x20000304                g_inputRegisters
 .bss.g_holdingRegisters
                0x2000030e      0x258 ./Core/Src/UartModbus.o
                0x2000030e                g_holdingRegisters
 .bss.rxByte    0x20000566        0x1 ./Core/Src/UartModbus.o
 *fill*         0x20000567        0x1 
 .bss.g_lastUARTActivity
                0x20000568        0x4 ./Core/Src/UartModbus.o
                0x20000568                g_lastUARTActivity
 .bss.frameReceived
                0x2000056c        0x1 ./Core/Src/UartModbus.o
                0x2000056c                frameReceived
 .bss.rxIndex   0x2000056d        0x1 ./Core/Src/UartModbus.o
                0x2000056d                rxIndex
 .bss.rxBuffer  0x2000056e      0x100 ./Core/Src/UartModbus.o
                0x2000056e                rxBuffer
 *fill*         0x2000066e        0x2 
 .bss.modbusTxMutex
                0x20000670        0x4 ./Core/Src/UartModbus.o
                0x20000670                modbusTxMutex
 .bss.EncoderTaskHandle
                0x20000674        0x4 ./Core/Src/main.o
                0x20000674                EncoderTaskHandle
 .bss.VisibleTaskHandle
                0x20000678        0x4 ./Core/Src/main.o
                0x20000678                VisibleTaskHandle
 .bss.MotorTaskHandle
                0x2000067c        0x4 ./Core/Src/main.o
                0x2000067c                MotorTaskHandle
 .bss.UartTaskHandle
                0x20000680        0x4 ./Core/Src/main.o
                0x20000680                UartTaskHandle
 .bss.IOTaskHandle
                0x20000684        0x4 ./Core/Src/main.o
                0x20000684                IOTaskHandle
 .bss.huart2    0x20000688       0x48 ./Core/Src/main.o
                0x20000688                huart2
 .bss.hdma_tim2_ch1
                0x200006d0       0x44 ./Core/Src/main.o
                0x200006d0                hdma_tim2_ch1
 .bss.htim3     0x20000714       0x48 ./Core/Src/main.o
                0x20000714                htim3
 .bss.htim2     0x2000075c       0x48 ./Core/Src/main.o
                0x2000075c                htim2
 .bss.htim1     0x200007a4       0x48 ./Core/Src/main.o
                0x200007a4                htim1
 .bss.hi2c1     0x200007ec       0x54 ./Core/Src/main.o
                0x200007ec                hi2c1
 .bss.uwTick    0x20000840        0x4 ./Drivers/STM32F1xx_HAL_Driver/Src/stm32f1xx_hal.o
                0x20000840                uwTick
 .bss.Timer_Stack.0
                0x20000844      0x400 ./Middlewares/Third_Party/FreeRTOS/Source/CMSIS_RTOS_V2/cmsis_os2.o
 .bss.Timer_TCB.1
                0x20000c44       0x5c ./Middlewares/Third_Party/FreeRTOS/Source/CMSIS_RTOS_V2/cmsis_os2.o
 .bss.Idle_Stack.2
                0x20000ca0      0x200 ./Middlewares/Third_Party/FreeRTOS/Source/CMSIS_RTOS_V2/cmsis_os2.o
 .bss.Idle_TCB.3
                0x20000ea0       0x5c ./Middlewares/Third_Party/FreeRTOS/Source/CMSIS_RTOS_V2/cmsis_os2.o
 .bss.KernelState
                0x20000efc        0x4 ./Middlewares/Third_Party/FreeRTOS/Source/CMSIS_RTOS_V2/cmsis_os2.o
 .bss.xQueueRegistry
                0x20000f00       0x40 ./Middlewares/Third_Party/FreeRTOS/Source/queue.o
                0x20000f00                xQueueRegistry
 .bss.uxSchedulerSuspended
                0x20000f40        0x4 ./Middlewares/Third_Party/FreeRTOS/Source/tasks.o
 .bss.xNextTaskUnblockTime
                0x20000f44        0x4 ./Middlewares/Third_Party/FreeRTOS/Source/tasks.o
 .bss.uxTaskNumber
                0x20000f48        0x4 ./Middlewares/Third_Party/FreeRTOS/Source/tasks.o
 .bss.xNumOfOverflows
                0x20000f4c        0x4 ./Middlewares/Third_Party/FreeRTOS/Source/tasks.o
 .bss.xYieldPending
                0x20000f50        0x4 ./Middlewares/Third_Party/FreeRTOS/Source/tasks.o
 .bss.xPendedTicks
                0x20000f54        0x4 ./Middlewares/Third_Party/FreeRTOS/Source/tasks.o
 .bss.xSchedulerRunning
                0x20000f58        0x4 ./Middlewares/Third_Party/FreeRTOS/Source/tasks.o
 .bss.uxTopReadyPriority
                0x20000f5c        0x4 ./Middlewares/Third_Party/FreeRTOS/Source/tasks.o
 .bss.xTickCount
                0x20000f60        0x4 ./Middlewares/Third_Party/FreeRTOS/Source/tasks.o
 .bss.uxCurrentNumberOfTasks
                0x20000f64        0x4 ./Middlewares/Third_Party/FreeRTOS/Source/tasks.o
 .bss.xSuspendedTaskList
                0x20000f68       0x14 ./Middlewares/Third_Party/FreeRTOS/Source/tasks.o
 .bss.uxDeletedTasksWaitingCleanUp
                0x20000f7c        0x4 ./Middlewares/Third_Party/FreeRTOS/Source/tasks.o
 .bss.xTasksWaitingTermination
                0x20000f80       0x14 ./Middlewares/Third_Party/FreeRTOS/Source/tasks.o
 .bss.xPendingReadyList
                0x20000f94       0x14 ./Middlewares/Third_Party/FreeRTOS/Source/tasks.o
 .bss.pxOverflowDelayedTaskList
                0x20000fa8        0x4 ./Middlewares/Third_Party/FreeRTOS/Source/tasks.o
 .bss.pxDelayedTaskList
                0x20000fac        0x4 ./Middlewares/Third_Party/FreeRTOS/Source/tasks.o
 .bss.xDelayedTaskList2
                0x20000fb0       0x14 ./Middlewares/Third_Party/FreeRTOS/Source/tasks.o
 .bss.xDelayedTaskList1
                0x20000fc4       0x14 ./Middlewares/Third_Party/FreeRTOS/Source/tasks.o
 .bss.pxReadyTasksLists
                0x20000fd8      0x460 ./Middlewares/Third_Party/FreeRTOS/Source/tasks.o
 .bss.pxCurrentTCB
                0x20001438        0x4 ./Middlewares/Third_Party/FreeRTOS/Source/tasks.o
                0x20001438                pxCurrentTCB
 .bss.xStaticTimerQueue.0
                0x2000143c       0x50 ./Middlewares/Third_Party/FreeRTOS/Source/timers.o
 .bss.ucStaticTimerQueueStorage.1
                0x2000148c       0xa0 ./Middlewares/Third_Party/FreeRTOS/Source/timers.o
 .bss.xLastTime.2
                0x2000152c        0x4 ./Middlewares/Third_Party/FreeRTOS/Source/timers.o
 .bss.xTimerTaskHandle
                0x20001530        0x4 ./Middlewares/Third_Party/FreeRTOS/Source/timers.o
 .bss.xTimerQueue
                0x20001534        0x4 ./Middlewares/Third_Party/FreeRTOS/Source/timers.o
 .bss.pxOverflowTimerList
                0x20001538        0x4 ./Middlewares/Third_Party/FreeRTOS/Source/timers.o
 .bss.pxCurrentTimerList
                0x2000153c        0x4 ./Middlewares/Third_Party/FreeRTOS/Source/timers.o
 .bss.xActiveTimerList2
                0x20001540       0x14 ./Middlewares/Third_Party/FreeRTOS/Source/timers.o
 .bss.xActiveTimerList1
                0x20001554       0x14 ./Middlewares/Third_Party/FreeRTOS/Source/timers.o
 .bss.ulMaxPRIGROUPValue
                0x20001568        0x4 ./Middlewares/Third_Party/FreeRTOS/Source/portable/GCC/ARM_CM3/port.o
 .bss.ucMaxSysCallPriority
                0x2000156c        0x1 ./Middlewares/Third_Party/FreeRTOS/Source/portable/GCC/ARM_CM3/port.o
 *fill*         0x2000156d        0x3 
 .bss.xBlockAllocatedBit
                0x20001570        0x4 ./Middlewares/Third_Party/FreeRTOS/Source/portable/MemMang/heap_4.o
 .bss.xNumberOfSuccessfulFrees
                0x20001574        0x4 ./Middlewares/Third_Party/FreeRTOS/Source/portable/MemMang/heap_4.o
 .bss.xNumberOfSuccessfulAllocations
                0x20001578        0x4 ./Middlewares/Third_Party/FreeRTOS/Source/portable/MemMang/heap_4.o
 .bss.xMinimumEverFreeBytesRemaining
                0x2000157c        0x4 ./Middlewares/Third_Party/FreeRTOS/Source/portable/MemMang/heap_4.o
 .bss.xFreeBytesRemaining
                0x20001580        0x4 ./Middlewares/Third_Party/FreeRTOS/Source/portable/MemMang/heap_4.o
 .bss.pxEnd     0x20001584        0x4 ./Middlewares/Third_Party/FreeRTOS/Source/portable/MemMang/heap_4.o
 .bss.xStart    0x20001588        0x8 ./Middlewares/Third_Party/FreeRTOS/Source/portable/MemMang/heap_4.o
 .bss.ucHeap    0x20001590     0x1000 ./Middlewares/Third_Party/FreeRTOS/Source/portable/MemMang/heap_4.o
 .bss.__sf      0x20002590      0x138 D:/STM32CubeIDE_1.19.0/STM32CubeIDE/plugins/com.st.stm32cube.ide.mcu.externaltools.gnu-tools-for-stm32.13.3.rel1.win32_1.0.0.202411081344/tools/bin/../lib/gcc/arm-none-eabi/13.3.1/../../../../arm-none-eabi/lib/thumb/v7-m/nofp\libc_nano.a(libc_a-findfp.o)
                0x20002590                __sf
 *(COMMON)
                0x200026c8                        . = ALIGN (0x4)
                0x200026c8                        _ebss = .
                0x200026c8                        __bss_end__ = _ebss

._user_heap_stack
                0x200026c8      0x600 load address 0x08007c2c
                0x200026c8                        . = ALIGN (0x8)
                [!provide]                        PROVIDE (end = .)
                0x200026c8                        PROVIDE (_end = .)
                0x200028c8                        . = (. + _Min_Heap_Size)
 *fill*         0x200026c8      0x200 
                0x20002cc8                        . = (. + _Min_Stack_Size)
 *fill*         0x200028c8      0x400 
                0x20002cc8                        . = ALIGN (0x8)

/DISCARD/
 libc.a(*)
 libm.a(*)
 libgcc.a(*)

.ARM.attributes
                0x00000000       0x29
 *(.ARM.attributes)
 .ARM.attributes
                0x00000000       0x1d D:/STM32CubeIDE_1.19.0/STM32CubeIDE/plugins/com.st.stm32cube.ide.mcu.externaltools.gnu-tools-for-stm32.13.3.rel1.win32_1.0.0.202411081344/tools/bin/../lib/gcc/arm-none-eabi/13.3.1/thumb/v7-m/nofp/crti.o
 .ARM.attributes
                0x0000001d       0x2d D:/STM32CubeIDE_1.19.0/STM32CubeIDE/plugins/com.st.stm32cube.ide.mcu.externaltools.gnu-tools-for-stm32.13.3.rel1.win32_1.0.0.202411081344/tools/bin/../lib/gcc/arm-none-eabi/13.3.1/thumb/v7-m/nofp/crtbegin.o
 .ARM.attributes
                0x0000004a       0x2d ./Core/Src/DOutput.o
 .ARM.attributes
                0x00000077       0x2d ./Core/Src/Encoder.o
 .ARM.attributes
                0x000000a4       0x2d ./Core/Src/MotorControl.o
 .ARM.attributes
                0x000000d1       0x2d ./Core/Src/UartModbus.o
 .ARM.attributes
                0x000000fe       0x2d ./Core/Src/main.o
 .ARM.attributes
                0x0000012b       0x2d ./Core/Src/stm32f1xx_hal_msp.o
 .ARM.attributes
                0x00000158       0x2d ./Core/Src/stm32f1xx_it.o
 .ARM.attributes
                0x00000185       0x2d ./Core/Src/system_stm32f1xx.o
 .ARM.attributes
                0x000001b2       0x21 ./Core/Startup/startup_stm32f103c8tx.o
 .ARM.attributes
                0x000001d3       0x2d ./Drivers/STM32F1xx_HAL_Driver/Src/stm32f1xx_hal.o
 .ARM.attributes
                0x00000200       0x2d ./Drivers/STM32F1xx_HAL_Driver/Src/stm32f1xx_hal_cortex.o
 .ARM.attributes
                0x0000022d       0x2d ./Drivers/STM32F1xx_HAL_Driver/Src/stm32f1xx_hal_dma.o
 .ARM.attributes
                0x0000025a       0x2d ./Drivers/STM32F1xx_HAL_Driver/Src/stm32f1xx_hal_gpio.o
 .ARM.attributes
                0x00000287       0x2d ./Drivers/STM32F1xx_HAL_Driver/Src/stm32f1xx_hal_i2c.o
 .ARM.attributes
                0x000002b4       0x2d ./Drivers/STM32F1xx_HAL_Driver/Src/stm32f1xx_hal_rcc.o
 .ARM.attributes
                0x000002e1       0x2d ./Drivers/STM32F1xx_HAL_Driver/Src/stm32f1xx_hal_tim.o
 .ARM.attributes
                0x0000030e       0x2d ./Drivers/STM32F1xx_HAL_Driver/Src/stm32f1xx_hal_tim_ex.o
 .ARM.attributes
                0x0000033b       0x2d ./Drivers/STM32F1xx_HAL_Driver/Src/stm32f1xx_hal_uart.o
 .ARM.attributes
                0x00000368       0x2d ./Middlewares/Third_Party/FreeRTOS/Source/CMSIS_RTOS_V2/cmsis_os2.o
 .ARM.attributes
                0x00000395       0x2d ./Middlewares/Third_Party/FreeRTOS/Source/list.o
 .ARM.attributes
                0x000003c2       0x2d ./Middlewares/Third_Party/FreeRTOS/Source/queue.o
 .ARM.attributes
                0x000003ef       0x2d ./Middlewares/Third_Party/FreeRTOS/Source/tasks.o
 .ARM.attributes
                0x0000041c       0x2d ./Middlewares/Third_Party/FreeRTOS/Source/timers.o
 .ARM.attributes
                0x00000449       0x2d ./Middlewares/Third_Party/FreeRTOS/Source/portable/GCC/ARM_CM3/port.o
 .ARM.attributes
                0x00000476       0x2d ./Middlewares/Third_Party/FreeRTOS/Source/portable/MemMang/heap_4.o
 .ARM.attributes
                0x000004a3       0x2d D:/STM32CubeIDE_1.19.0/STM32CubeIDE/plugins/com.st.stm32cube.ide.mcu.externaltools.gnu-tools-for-stm32.13.3.rel1.win32_1.0.0.202411081344/tools/bin/../lib/gcc/arm-none-eabi/13.3.1/../../../../arm-none-eabi/lib/thumb/v7-m/nofp\libc_nano.a(libc_a-findfp.o)
 .ARM.attributes
                0x000004d0       0x2d D:/STM32CubeIDE_1.19.0/STM32CubeIDE/plugins/com.st.stm32cube.ide.mcu.externaltools.gnu-tools-for-stm32.13.3.rel1.win32_1.0.0.202411081344/tools/bin/../lib/gcc/arm-none-eabi/13.3.1/../../../../arm-none-eabi/lib/thumb/v7-m/nofp\libc_nano.a(libc_a-memset.o)
 .ARM.attributes
                0x000004fd       0x2d D:/STM32CubeIDE_1.19.0/STM32CubeIDE/plugins/com.st.stm32cube.ide.mcu.externaltools.gnu-tools-for-stm32.13.3.rel1.win32_1.0.0.202411081344/tools/bin/../lib/gcc/arm-none-eabi/13.3.1/../../../../arm-none-eabi/lib/thumb/v7-m/nofp\libc_nano.a(libc_a-impure.o)
 .ARM.attributes
                0x0000052a       0x2d D:/STM32CubeIDE_1.19.0/STM32CubeIDE/plugins/com.st.stm32cube.ide.mcu.externaltools.gnu-tools-for-stm32.13.3.rel1.win32_1.0.0.202411081344/tools/bin/../lib/gcc/arm-none-eabi/13.3.1/../../../../arm-none-eabi/lib/thumb/v7-m/nofp\libc_nano.a(libc_a-errno.o)
 .ARM.attributes
                0x00000557       0x2d D:/STM32CubeIDE_1.19.0/STM32CubeIDE/plugins/com.st.stm32cube.ide.mcu.externaltools.gnu-tools-for-stm32.13.3.rel1.win32_1.0.0.202411081344/tools/bin/../lib/gcc/arm-none-eabi/13.3.1/../../../../arm-none-eabi/lib/thumb/v7-m/nofp\libc_nano.a(libc_a-init.o)
 .ARM.attributes
                0x00000584       0x2d D:/STM32CubeIDE_1.19.0/STM32CubeIDE/plugins/com.st.stm32cube.ide.mcu.externaltools.gnu-tools-for-stm32.13.3.rel1.win32_1.0.0.202411081344/tools/bin/../lib/gcc/arm-none-eabi/13.3.1/../../../../arm-none-eabi/lib/thumb/v7-m/nofp\libc_nano.a(libc_a-memcpy-stub.o)
 .ARM.attributes
                0x000005b1       0x2d D:/STM32CubeIDE_1.19.0/STM32CubeIDE/plugins/com.st.stm32cube.ide.mcu.externaltools.gnu-tools-for-stm32.13.3.rel1.win32_1.0.0.202411081344/tools/bin/../lib/gcc/arm-none-eabi/13.3.1/../../../../arm-none-eabi/lib/thumb/v7-m/nofp\libm.a(libm_a-wf_sqrt.o)
 .ARM.attributes
                0x000005de       0x2d D:/STM32CubeIDE_1.19.0/STM32CubeIDE/plugins/com.st.stm32cube.ide.mcu.externaltools.gnu-tools-for-stm32.13.3.rel1.win32_1.0.0.202411081344/tools/bin/../lib/gcc/arm-none-eabi/13.3.1/../../../../arm-none-eabi/lib/thumb/v7-m/nofp\libm.a(libm_a-ef_sqrt.o)
 .ARM.attributes
                0x0000060b       0x1d D:/STM32CubeIDE_1.19.0/STM32CubeIDE/plugins/com.st.stm32cube.ide.mcu.externaltools.gnu-tools-for-stm32.13.3.rel1.win32_1.0.0.202411081344/tools/bin/../lib/gcc/arm-none-eabi/13.3.1/thumb/v7-m/nofp\libgcc.a(_arm_muldf3.o)
 .ARM.attributes
                0x00000628       0x1d D:/STM32CubeIDE_1.19.0/STM32CubeIDE/plugins/com.st.stm32cube.ide.mcu.externaltools.gnu-tools-for-stm32.13.3.rel1.win32_1.0.0.202411081344/tools/bin/../lib/gcc/arm-none-eabi/13.3.1/thumb/v7-m/nofp\libgcc.a(_arm_addsubdf3.o)
 .ARM.attributes
                0x00000645       0x1d D:/STM32CubeIDE_1.19.0/STM32CubeIDE/plugins/com.st.stm32cube.ide.mcu.externaltools.gnu-tools-for-stm32.13.3.rel1.win32_1.0.0.202411081344/tools/bin/../lib/gcc/arm-none-eabi/13.3.1/thumb/v7-m/nofp\libgcc.a(_arm_fixunsdfsi.o)
 .ARM.attributes
                0x00000662       0x1d D:/STM32CubeIDE_1.19.0/STM32CubeIDE/plugins/com.st.stm32cube.ide.mcu.externaltools.gnu-tools-for-stm32.13.3.rel1.win32_1.0.0.202411081344/tools/bin/../lib/gcc/arm-none-eabi/13.3.1/thumb/v7-m/nofp\libgcc.a(_arm_truncdfsf2.o)
 .ARM.attributes
                0x0000067f       0x1d D:/STM32CubeIDE_1.19.0/STM32CubeIDE/plugins/com.st.stm32cube.ide.mcu.externaltools.gnu-tools-for-stm32.13.3.rel1.win32_1.0.0.202411081344/tools/bin/../lib/gcc/arm-none-eabi/13.3.1/thumb/v7-m/nofp\libgcc.a(_arm_addsubsf3.o)
 .ARM.attributes
                0x0000069c       0x1d D:/STM32CubeIDE_1.19.0/STM32CubeIDE/plugins/com.st.stm32cube.ide.mcu.externaltools.gnu-tools-for-stm32.13.3.rel1.win32_1.0.0.202411081344/tools/bin/../lib/gcc/arm-none-eabi/13.3.1/thumb/v7-m/nofp\libgcc.a(_arm_muldivsf3.o)
 .ARM.attributes
                0x000006b9       0x1d D:/STM32CubeIDE_1.19.0/STM32CubeIDE/plugins/com.st.stm32cube.ide.mcu.externaltools.gnu-tools-for-stm32.13.3.rel1.win32_1.0.0.202411081344/tools/bin/../lib/gcc/arm-none-eabi/13.3.1/thumb/v7-m/nofp\libgcc.a(_arm_cmpsf2.o)
 .ARM.attributes
                0x000006d6       0x1d D:/STM32CubeIDE_1.19.0/STM32CubeIDE/plugins/com.st.stm32cube.ide.mcu.externaltools.gnu-tools-for-stm32.13.3.rel1.win32_1.0.0.202411081344/tools/bin/../lib/gcc/arm-none-eabi/13.3.1/thumb/v7-m/nofp\libgcc.a(_arm_unordsf2.o)
 .ARM.attributes
                0x000006f3       0x1d D:/STM32CubeIDE_1.19.0/STM32CubeIDE/plugins/com.st.stm32cube.ide.mcu.externaltools.gnu-tools-for-stm32.13.3.rel1.win32_1.0.0.202411081344/tools/bin/../lib/gcc/arm-none-eabi/13.3.1/thumb/v7-m/nofp\libgcc.a(_arm_fixunssfsi.o)
 .ARM.attributes
                0x00000710       0x1d D:/STM32CubeIDE_1.19.0/STM32CubeIDE/plugins/com.st.stm32cube.ide.mcu.externaltools.gnu-tools-for-stm32.13.3.rel1.win32_1.0.0.202411081344/tools/bin/../lib/gcc/arm-none-eabi/13.3.1/thumb/v7-m/nofp/crtn.o
OUTPUT(DC-Driver_Project.elf elf32-littlearm)
LOAD linker stubs
LOAD D:/STM32CubeIDE_1.19.0/STM32CubeIDE/plugins/com.st.stm32cube.ide.mcu.externaltools.gnu-tools-for-stm32.13.3.rel1.win32_1.0.0.202411081344/tools/bin/../lib/gcc/arm-none-eabi/13.3.1/../../../../arm-none-eabi/lib/thumb/v7-m/nofp\libc.a
LOAD D:/STM32CubeIDE_1.19.0/STM32CubeIDE/plugins/com.st.stm32cube.ide.mcu.externaltools.gnu-tools-for-stm32.13.3.rel1.win32_1.0.0.202411081344/tools/bin/../lib/gcc/arm-none-eabi/13.3.1/../../../../arm-none-eabi/lib/thumb/v7-m/nofp\libm.a
LOAD D:/STM32CubeIDE_1.19.0/STM32CubeIDE/plugins/com.st.stm32cube.ide.mcu.externaltools.gnu-tools-for-stm32.13.3.rel1.win32_1.0.0.202411081344/tools/bin/../lib/gcc/arm-none-eabi/13.3.1/thumb/v7-m/nofp\libgcc.a

.comment        0x00000000       0x43
 .comment       0x00000000       0x43 ./Core/Src/DOutput.o
                                 0x44 (size before relaxing)
 .comment       0x00000043       0x44 ./Core/Src/Encoder.o
 .comment       0x00000043       0x44 ./Core/Src/MotorControl.o
 .comment       0x00000043       0x44 ./Core/Src/UartModbus.o
 .comment       0x00000043       0x44 ./Core/Src/main.o
 .comment       0x00000043       0x44 ./Core/Src/stm32f1xx_hal_msp.o
 .comment       0x00000043       0x44 ./Core/Src/stm32f1xx_it.o
 .comment       0x00000043       0x44 ./Core/Src/system_stm32f1xx.o
 .comment       0x00000043       0x44 ./Drivers/STM32F1xx_HAL_Driver/Src/stm32f1xx_hal.o
 .comment       0x00000043       0x44 ./Drivers/STM32F1xx_HAL_Driver/Src/stm32f1xx_hal_cortex.o
 .comment       0x00000043       0x44 ./Drivers/STM32F1xx_HAL_Driver/Src/stm32f1xx_hal_dma.o
 .comment       0x00000043       0x44 ./Drivers/STM32F1xx_HAL_Driver/Src/stm32f1xx_hal_gpio.o
 .comment       0x00000043       0x44 ./Drivers/STM32F1xx_HAL_Driver/Src/stm32f1xx_hal_i2c.o
 .comment       0x00000043       0x44 ./Drivers/STM32F1xx_HAL_Driver/Src/stm32f1xx_hal_rcc.o
 .comment       0x00000043       0x44 ./Drivers/STM32F1xx_HAL_Driver/Src/stm32f1xx_hal_tim.o
 .comment       0x00000043       0x44 ./Drivers/STM32F1xx_HAL_Driver/Src/stm32f1xx_hal_tim_ex.o
 .comment       0x00000043       0x44 ./Drivers/STM32F1xx_HAL_Driver/Src/stm32f1xx_hal_uart.o
 .comment       0x00000043       0x44 ./Middlewares/Third_Party/FreeRTOS/Source/CMSIS_RTOS_V2/cmsis_os2.o
 .comment       0x00000043       0x44 ./Middlewares/Third_Party/FreeRTOS/Source/list.o
 .comment       0x00000043       0x44 ./Middlewares/Third_Party/FreeRTOS/Source/queue.o
 .comment       0x00000043       0x44 ./Middlewares/Third_Party/FreeRTOS/Source/tasks.o
 .comment       0x00000043       0x44 ./Middlewares/Third_Party/FreeRTOS/Source/timers.o
 .comment       0x00000043       0x44 ./Middlewares/Third_Party/FreeRTOS/Source/portable/GCC/ARM_CM3/port.o
 .comment       0x00000043       0x44 ./Middlewares/Third_Party/FreeRTOS/Source/portable/MemMang/heap_4.o

.debug_frame    0x00000000      0x4ec
 .debug_frame   0x00000000      0x144 D:/STM32CubeIDE_1.19.0/STM32CubeIDE/plugins/com.st.stm32cube.ide.mcu.externaltools.gnu-tools-for-stm32.13.3.rel1.win32_1.0.0.202411081344/tools/bin/../lib/gcc/arm-none-eabi/13.3.1/../../../../arm-none-eabi/lib/thumb/v7-m/nofp\libc_nano.a(libc_a-findfp.o)
 .debug_frame   0x00000144       0x20 D:/STM32CubeIDE_1.19.0/STM32CubeIDE/plugins/com.st.stm32cube.ide.mcu.externaltools.gnu-tools-for-stm32.13.3.rel1.win32_1.0.0.202411081344/tools/bin/../lib/gcc/arm-none-eabi/13.3.1/../../../../arm-none-eabi/lib/thumb/v7-m/nofp\libc_nano.a(libc_a-memset.o)
 .debug_frame   0x00000164       0x20 D:/STM32CubeIDE_1.19.0/STM32CubeIDE/plugins/com.st.stm32cube.ide.mcu.externaltools.gnu-tools-for-stm32.13.3.rel1.win32_1.0.0.202411081344/tools/bin/../lib/gcc/arm-none-eabi/13.3.1/../../../../arm-none-eabi/lib/thumb/v7-m/nofp\libc_nano.a(libc_a-errno.o)
 .debug_frame   0x00000184       0x2c D:/STM32CubeIDE_1.19.0/STM32CubeIDE/plugins/com.st.stm32cube.ide.mcu.externaltools.gnu-tools-for-stm32.13.3.rel1.win32_1.0.0.202411081344/tools/bin/../lib/gcc/arm-none-eabi/13.3.1/../../../../arm-none-eabi/lib/thumb/v7-m/nofp\libc_nano.a(libc_a-init.o)
 .debug_frame   0x000001b0       0x28 D:/STM32CubeIDE_1.19.0/STM32CubeIDE/plugins/com.st.stm32cube.ide.mcu.externaltools.gnu-tools-for-stm32.13.3.rel1.win32_1.0.0.202411081344/tools/bin/../lib/gcc/arm-none-eabi/13.3.1/../../../../arm-none-eabi/lib/thumb/v7-m/nofp\libc_nano.a(libc_a-memcpy-stub.o)
 .debug_frame   0x000001d8       0x2c D:/STM32CubeIDE_1.19.0/STM32CubeIDE/plugins/com.st.stm32cube.ide.mcu.externaltools.gnu-tools-for-stm32.13.3.rel1.win32_1.0.0.202411081344/tools/bin/../lib/gcc/arm-none-eabi/13.3.1/../../../../arm-none-eabi/lib/thumb/v7-m/nofp\libm.a(libm_a-wf_sqrt.o)
 .debug_frame   0x00000204       0x30 D:/STM32CubeIDE_1.19.0/STM32CubeIDE/plugins/com.st.stm32cube.ide.mcu.externaltools.gnu-tools-for-stm32.13.3.rel1.win32_1.0.0.202411081344/tools/bin/../lib/gcc/arm-none-eabi/13.3.1/../../../../arm-none-eabi/lib/thumb/v7-m/nofp\libm.a(libm_a-ef_sqrt.o)
 .debug_frame   0x00000234       0x30 D:/STM32CubeIDE_1.19.0/STM32CubeIDE/plugins/com.st.stm32cube.ide.mcu.externaltools.gnu-tools-for-stm32.13.3.rel1.win32_1.0.0.202411081344/tools/bin/../lib/gcc/arm-none-eabi/13.3.1/thumb/v7-m/nofp\libgcc.a(_arm_muldf3.o)
 .debug_frame   0x00000264       0xac D:/STM32CubeIDE_1.19.0/STM32CubeIDE/plugins/com.st.stm32cube.ide.mcu.externaltools.gnu-tools-for-stm32.13.3.rel1.win32_1.0.0.202411081344/tools/bin/../lib/gcc/arm-none-eabi/13.3.1/thumb/v7-m/nofp\libgcc.a(_arm_addsubdf3.o)
 .debug_frame   0x00000310       0x24 D:/STM32CubeIDE_1.19.0/STM32CubeIDE/plugins/com.st.stm32cube.ide.mcu.externaltools.gnu-tools-for-stm32.13.3.rel1.win32_1.0.0.202411081344/tools/bin/../lib/gcc/arm-none-eabi/13.3.1/thumb/v7-m/nofp\libgcc.a(_arm_fixunsdfsi.o)
 .debug_frame   0x00000334       0x24 D:/STM32CubeIDE_1.19.0/STM32CubeIDE/plugins/com.st.stm32cube.ide.mcu.externaltools.gnu-tools-for-stm32.13.3.rel1.win32_1.0.0.202411081344/tools/bin/../lib/gcc/arm-none-eabi/13.3.1/thumb/v7-m/nofp\libgcc.a(_arm_truncdfsf2.o)
 .debug_frame   0x00000358       0x4c D:/STM32CubeIDE_1.19.0/STM32CubeIDE/plugins/com.st.stm32cube.ide.mcu.externaltools.gnu-tools-for-stm32.13.3.rel1.win32_1.0.0.202411081344/tools/bin/../lib/gcc/arm-none-eabi/13.3.1/thumb/v7-m/nofp\libgcc.a(_arm_addsubsf3.o)
 .debug_frame   0x000003a4       0x38 D:/STM32CubeIDE_1.19.0/STM32CubeIDE/plugins/com.st.stm32cube.ide.mcu.externaltools.gnu-tools-for-stm32.13.3.rel1.win32_1.0.0.202411081344/tools/bin/../lib/gcc/arm-none-eabi/13.3.1/thumb/v7-m/nofp\libgcc.a(_arm_muldivsf3.o)
 .debug_frame   0x000003dc       0xc8 D:/STM32CubeIDE_1.19.0/STM32CubeIDE/plugins/com.st.stm32cube.ide.mcu.externaltools.gnu-tools-for-stm32.13.3.rel1.win32_1.0.0.202411081344/tools/bin/../lib/gcc/arm-none-eabi/13.3.1/thumb/v7-m/nofp\libgcc.a(_arm_cmpsf2.o)
 .debug_frame   0x000004a4       0x24 D:/STM32CubeIDE_1.19.0/STM32CubeIDE/plugins/com.st.stm32cube.ide.mcu.externaltools.gnu-tools-for-stm32.13.3.rel1.win32_1.0.0.202411081344/tools/bin/../lib/gcc/arm-none-eabi/13.3.1/thumb/v7-m/nofp\libgcc.a(_arm_unordsf2.o)
 .debug_frame   0x000004c8       0x24 D:/STM32CubeIDE_1.19.0/STM32CubeIDE/plugins/com.st.stm32cube.ide.mcu.externaltools.gnu-tools-for-stm32.13.3.rel1.win32_1.0.0.202411081344/tools/bin/../lib/gcc/arm-none-eabi/13.3.1/thumb/v7-m/nofp\libgcc.a(_arm_fixunssfsi.o)